Archive member included to satisfy reference by file (symbol)

app/libapp.a(main.c.obj)      (--whole-archive)
zephyr/libzephyr.a(heap.c.obj)
                              (--whole-archive)
zephyr/libzephyr.a(cbprintf_packaged.c.obj)
                              (--whole-archive)
zephyr/libzephyr.a(printk.c.obj)
                              (--whole-archive)
zephyr/libzephyr.a(sem.c.obj)
                              (--whole-archive)
zephyr/libzephyr.a(thread_entry.c.obj)
                              (--whole-archive)
zephyr/libzephyr.a(cbprintf_complete.c.obj)
                              (--whole-archive)
zephyr/libzephyr.a(assert.c.obj)
                              (--whole-archive)
zephyr/libzephyr.a(reboot.c.obj)
                              (--whole-archive)
zephyr/libzephyr.a(dec.c.obj)
                              (--whole-archive)
zephyr/libzephyr.a(hex.c.obj)
                              (--whole-archive)
zephyr/libzephyr.a(rb.c.obj)  (--whole-archive)
zephyr/libzephyr.a(timeutil.c.obj)
                              (--whole-archive)
zephyr/libzephyr.a(bitarray.c.obj)
                              (--whole-archive)
zephyr/libzephyr.a(ring_buffer.c.obj)
                              (--whole-archive)
zephyr/libzephyr.a(configs.c.obj)
                              (--whole-archive)
zephyr/libzephyr.a(stm32cube_hal.c.obj)
                              (--whole-archive)
zephyr/libzephyr.a(soc_config.c.obj)
                              (--whole-archive)
zephyr/libzephyr.a(soc_m7.c.obj)
                              (--whole-archive)
zephyr/libzephyr.a(mpu_regions.c.obj)
                              (--whole-archive)
zephyr/libzephyr.a(mem_attr.c.obj)
                              (--whole-archive)
zephyr/libzephyr.a(tracing_none.c.obj)
                              (--whole-archive)
zephyr/libzephyr.a(usb_device.c.obj)
                              (--whole-archive)
zephyr/libzephyr.a(usb_descriptor.c.obj)
                              (--whole-archive)
zephyr/libzephyr.a(usb_transfer.c.obj)
                              (--whole-archive)
zephyr/libzephyr.a(cdc_acm.c.obj)
                              (--whole-archive)
zephyr/libzephyr.a(usb_work_q.c.obj)
                              (--whole-archive)
zephyr/arch/common/libarch__common.a(sw_isr_common.c.obj)
                              (--whole-archive)
zephyr/arch/arch/arm/core/libarch__arm__core.a(fatal.c.obj)
                              (--whole-archive)
zephyr/arch/arch/arm/core/libarch__arm__core.a(nmi.c.obj)
                              (--whole-archive)
zephyr/arch/arch/arm/core/libarch__arm__core.a(nmi_on_reset.S.obj)
                              (--whole-archive)
zephyr/arch/arch/arm/core/libarch__arm__core.a(tls.c.obj)
                              (--whole-archive)
zephyr/arch/arch/arm/core/cortex_m/libarch__arm__core__cortex_m.a(exc_exit.c.obj)
                              (--whole-archive)
zephyr/arch/arch/arm/core/cortex_m/libarch__arm__core__cortex_m.a(fault.c.obj)
                              (--whole-archive)
zephyr/arch/arch/arm/core/cortex_m/libarch__arm__core__cortex_m.a(fault_s.S.obj)
                              (--whole-archive)
zephyr/arch/arch/arm/core/cortex_m/libarch__arm__core__cortex_m.a(fpu.c.obj)
                              (--whole-archive)
zephyr/arch/arch/arm/core/cortex_m/libarch__arm__core__cortex_m.a(reset.S.obj)
                              (--whole-archive)
zephyr/arch/arch/arm/core/cortex_m/libarch__arm__core__cortex_m.a(scb.c.obj)
                              (--whole-archive)
zephyr/arch/arch/arm/core/cortex_m/libarch__arm__core__cortex_m.a(thread_abort.c.obj)
                              (--whole-archive)
zephyr/arch/arch/arm/core/cortex_m/libarch__arm__core__cortex_m.a(vector_table.S.obj)
                              (--whole-archive)
zephyr/arch/arch/arm/core/cortex_m/libarch__arm__core__cortex_m.a(swap.c.obj)
                              (--whole-archive)
zephyr/arch/arch/arm/core/cortex_m/libarch__arm__core__cortex_m.a(swap_helper.S.obj)
                              (--whole-archive)
zephyr/arch/arch/arm/core/cortex_m/libarch__arm__core__cortex_m.a(irq_manage.c.obj)
                              (--whole-archive)
zephyr/arch/arch/arm/core/cortex_m/libarch__arm__core__cortex_m.a(prep_c.c.obj)
                              (--whole-archive)
zephyr/arch/arch/arm/core/cortex_m/libarch__arm__core__cortex_m.a(thread.c.obj)
                              (--whole-archive)
zephyr/arch/arch/arm/core/cortex_m/libarch__arm__core__cortex_m.a(cpu_idle.c.obj)
                              (--whole-archive)
zephyr/arch/arch/arm/core/cortex_m/libarch__arm__core__cortex_m.a(irq_init.c.obj)
                              (--whole-archive)
zephyr/arch/arch/arm/core/cortex_m/libarch__arm__core__cortex_m.a(isr_wrapper.c.obj)
                              (--whole-archive)
zephyr/arch/arch/arm/core/cortex_m/libarch__arm__core__cortex_m.a(__aeabi_read_tp.S.obj)
[...]
Memory Configuration

Name             Origin             Length             Attributes
FLASH            0x0000000008040000 0x0000000000060000 xr
RAM              0x0000000024000000 0x0000000000080000 xw
EXTMEM           0x0000000090000000 0x0000000010000000
SRAM1            0x0000000030000000 0x0000000000020000
SRAM2            0x0000000030020000 0x0000000000020000
SRAM3            0x0000000030040000 0x0000000000008000
SRAM4            0x0000000038000000 0x0000000000010000
SDRAM1           0x00000000c0000000 0x0000000000800000
IDT_LIST         0x00000000ffff7fff 0x0000000000008000 xw
*default*        0x0000000000000000 0xffffffffffffffff

Linker script and memory map

                0x0000000008045ea0                vfprintf = __l_vfprintf
                0x0000000000000000                vfscanf = __l_vfscanf
LOAD zephyr/CMakeFiles/zephyr_final.dir/misc/empty_file.c.obj
LOAD zephyr/CMakeFiles/zephyr_final.dir/isr_tables.c.obj
LOAD zephyr/CMakeFiles/offsets.dir/./arch/arm/core/offsets/offsets.c.obj
LOAD app/libapp.a
LOAD zephyr/libzephyr.a
LOAD zephyr/arch/common/libarch__common.a
LOAD zephyr/arch/arch/arm/core/libarch__arm__core.a
LOAD zephyr/arch/arch/arm/core/cortex_m/libarch__arm__core__cortex_m.a
LOAD zephyr/arch/arch/arm/core/mpu/libarch__arm__core__mpu.a
LOAD zephyr/lib/libc/picolibc/liblib__libc__picolibc.a
LOAD zephyr/lib/libc/common/liblib__libc__common.a
LOAD zephyr/boards/arduino/portenta_h7/libboards__arduino__portenta_h7.a
LOAD zephyr/drivers/interrupt_controller/libdrivers__interrupt_controller.a
LOAD zephyr/drivers/usb/device/libdrivers__usb__device.a
LOAD zephyr/drivers/clock_control/libdrivers__clock_control.a
LOAD zephyr/drivers/console/libdrivers__console.a
LOAD zephyr/drivers/gpio/libdrivers__gpio.a
LOAD zephyr/drivers/hwinfo/libdrivers__hwinfo.a
LOAD zephyr/drivers/pinctrl/libdrivers__pinctrl.a
LOAD zephyr/drivers/regulator/libdrivers__regulator.a
LOAD zephyr/drivers/reset/libdrivers__reset.a
LOAD zephyr/drivers/serial/libdrivers__serial.a
LOAD zephyr/drivers/timer/libdrivers__timer.a
LOAD modules/hal_stm32/stm32cube/lib..__modules__hal__stm32__stm32cube.a
LOAD zephyr/kernel/libkernel.a
LOAD /home/deepspace/zephyr-sdk-0.16.8/arm-zephyr-eabi/bin/../lib/gcc/arm-zephyr-eabi/12.2.0/thumb/v7e-m/nofp/libgcc.a
LOAD zephyr/arch/common/libisr_tables.a
LOAD /home/deepspace/zephyr-sdk-0.16.8/arm-zephyr-eabi/bin/../lib/gcc/../../picolibc/arm-zephyr-eabi/lib/thumb/v7e-m/nofp/libc.a
LOAD /home/deepspace/zephyr-sdk-0.16.8/arm-zephyr-eabi/bin/../lib/gcc/arm-zephyr-eabi/12.2.0/thumb/v7e-m/nofp/libgcc.a
                0x0000000000000020                _region_min_align = 0x20

.rel.plt        0x0000000008040000        0x0
 *(SORT_BY_ALIGNMENT(.rel.plt))
                [!provide]                        PROVIDE (__rel_iplt_start = .)
 *(SORT_BY_ALIGNMENT(.rel.iplt))
 .rel.iplt      0x0000000008040000        0x0 zephyr/CMakeFiles/zephyr_final.dir/isr_tables.c.obj
                [!provide]                        PROVIDE (__rel_iplt_end = .)

.rela.plt       0x0000000000000000        0x0
 *(SORT_BY_ALIGNMENT(.rela.plt))
                [!provide]                        PROVIDE (__rela_iplt_start = .)
 *(SORT_BY_ALIGNMENT(.rela.iplt))
                [!provide]                        PROVIDE (__rela_iplt_end = .)

.rel.dyn
 *(SORT_BY_ALIGNMENT(.rel.*))

.rela.dyn
 *(SORT_BY_ALIGNMENT(.rela.*))

/DISCARD/
 *(SORT_BY_ALIGNMENT(.plt))

/DISCARD/
 *(SORT_BY_ALIGNMENT(.iplt))
                0x0000000008040000                __rom_region_start = 0x8040000

rom_start       0x0000000008040000      0x298
                0x0000000008040000                __rom_start_address = .
 FILL mask 0x00
                0x0000000008040000                . = (. + (0x0 - (. - __rom_start_address)))
                0x0000000008040000                . = ALIGN (0x4)
                0x0000000008040000                . = ALIGN (0x80)
                0x0000000008040000                . = ALIGN (0x400)
                0x0000000008040000                _vector_start = .
 *(SORT_BY_ALIGNMENT(.exc_vector_table))
 *(SORT_BY_ALIGNMENT(.exc_vector_table.*))
 .exc_vector_table._vector_table_section
                0x0000000008040000       0x40 zephyr/arch/arch/arm/core/cortex_m/libarch__arm__core__cortex_m.a(vector_table.S.obj)
                0x0000000008040000                _vector_table
 *(SORT_BY_ALIGNMENT(.vectors))
                0x0000000008040298                _vector_end = .
                0x0000000008040040                . = ALIGN (0x4)
 *(SORT_BY_ALIGNMENT(.gnu.linkonce.irq_vector_table*))
 .gnu.linkonce.irq_vector_table
                0x0000000008040040      0x258 zephyr/CMakeFiles/zephyr_final.dir/isr_tables.c.obj
                0x0000000008040040                _irq_vector_table
                0x0000000008040298                _vector_end = .

text            0x0000000008040298     0x7e80
                0x0000000008040298                __text_region_start = .
 *(SORT_BY_ALIGNMENT(.text))
 .text          0x0000000008040298      0x21c /home/deepspace/zephyr-sdk-0.16.8/arm-zephyr-eabi/bin/../lib/gcc/arm-zephyr-eabi/12.2.0/thumb/v7e-m/nofp/libgcc.a(_arm_addsubsf3.o)
                0x0000000008040298                __aeabi_frsub
                0x00000000080402a0                __subsf3
                0x00000000080402a0                __aeabi_fsub
                0x00000000080402a4                __aeabi_fadd
                0x00000000080402a4                __addsf3
                0x0000000008040404                __aeabi_ui2f
                0x0000000008040404                __floatunsisf
                0x000000000804040c                __aeabi_i2f
                0x000000000804040c                __floatsisf
                0x0000000008040428                __floatundisf
                0x0000000008040428                __aeabi_ul2f
                0x0000000008040438                __floatdisf
                0x0000000008040438                __aeabi_l2f
 .text          0x00000000080404b4      0x2a0 /home/deepspace/zephyr-sdk-0.16.8/arm-zephyr-eabi/bin/../lib/gcc/arm-zephyr-eabi/12.2.0/thumb/v7e-m/nofp/libgcc.a(_arm_muldivsf3.o)
                0x00000000080404b4                __mulsf3
                0x00000000080404b4                __aeabi_fmul
                0x000000000804061c                __divsf3
                0x000000000804061c                __aeabi_fdiv
 .text          0x0000000008040754       0x40 /home/deepspace/zephyr-sdk-0.16.8/arm-zephyr-eabi/bin/../lib/gcc/arm-zephyr-eabi/12.2.0/thumb/v7e-m/nofp/libgcc.a(_arm_fixunssfsi.o)
                0x0000000008040754                __aeabi_f2uiz
                0x0000000008040754                __fixunssfsi
 .text          0x0000000008040794       0x30 /home/deepspace/zephyr-sdk-0.16.8/arm-zephyr-eabi/bin/../lib/gcc/arm-zephyr-eabi/12.2.0/thumb/v7e-m/nofp/libgcc.a(_aeabi_uldivmod.o)
                0x0000000008040794                __aeabi_uldivmod
 .text          0x00000000080407c4        0x4 /home/deepspace/zephyr-sdk-0.16.8/arm-zephyr-eabi/bin/../lib/gcc/arm-zephyr-eabi/12.2.0/thumb/v7e-m/nofp/libgcc.a(_dvmd_tls.o)
                0x00000000080407c4                __aeabi_ldiv0
                0x00000000080407c4                __aeabi_idiv0
 .text          0x00000000080407c8      0x2a0 /home/deepspace/zephyr-sdk-0.16.8/arm-zephyr-eabi/bin/../lib/gcc/arm-zephyr-eabi/12.2.0/thumb/v7e-m/nofp/libgcc.a(_udivmoddi4.o)
                0x00000000080407c8                __udivmoddi4
 .text          0x0000000008040a68       0x10 /home/deepspace/zephyr-sdk-0.16.8/arm-zephyr-eabi/bin/../lib/gcc/../../picolibc/arm-zephyr-eabi/lib/thumb/v7e-m/nofp/libc.a(strlen.S.o)
                0x0000000008040a68                strlen
 *(SORT_BY_ALIGNMENT(.text.*))
 .text.main     0x0000000008040a78       0x18 app/libapp.a(main.c.obj)
                0x0000000008040a78                main
 .text.char_out
                0x0000000008040a90        0xc zephyr/libzephyr.a(printk.c.obj)
 .text.__printk_hook_install
                0x0000000008040a9c        0xc zephyr/libzephyr.a(printk.c.obj)
                0x0000000008040a9c                __printk_hook_install
 .text.vprintk  0x0000000008040aa8       0x30 zephyr/libzephyr.a(printk.c.obj)
                0x0000000008040aa8                vprintk
 .text.z_thread_entry
                0x0000000008040ad8       0x34 zephyr/libzephyr.a(thread_entry.c.obj)
                0x0000000008040ad8                z_thread_entry
 .text.stm32h7_init
                0x0000000008040b0c       0x58 zephyr/libzephyr.a(soc_m7.c.obj)
 .text.stm32h7_m4_wakeup
                0x0000000008040b64       0x64 zephyr/libzephyr.a(soc_m7.c.obj)
 .text.mem_attr_get_regions
                0x0000000008040bc8        0xc zephyr/libzephyr.a(mem_attr.c.obj)
                0x0000000008040bc8                mem_attr_get_regions
 .text.class_handler
                0x0000000008040bd4       0x40 zephyr/libzephyr.a(usb_device.c.obj)
 .text.custom_handler
                0x0000000008040c14       0x60 zephyr/libzephyr.a(usb_device.c.obj)
 .text.vendor_handler
                0x0000000008040c74       0x3c zephyr/libzephyr.a(usb_device.c.obj)
 .text.disable_endpoint
                0x0000000008040cb0       0x2c zephyr/libzephyr.a(usb_device.c.obj)
 .text.usb_reset_alt_setting
                0x0000000008040cdc       0x10 zephyr/libzephyr.a(usb_device.c.obj)
 .text.is_ep_valid.part.0
                0x0000000008040cec       0x38 zephyr/libzephyr.a(usb_device.c.obj)
 .text.usb_handle_request.constprop.0
                0x0000000008040d24       0x2c zephyr/libzephyr.a(usb_device.c.obj)
 .text.forward_status_cb
                0x0000000008040d50       0xac zephyr/libzephyr.a(usb_device.c.obj)
 .text.usb_halt_endpoint_req.isra.0
                0x0000000008040dfc       0x50 zephyr/libzephyr.a(usb_device.c.obj)
 .text.set_endpoint
                0x0000000008040e4c       0x84 zephyr/libzephyr.a(usb_device.c.obj)
 .text.usb_handle_standard_request
                0x0000000008040ed0      0x2ec zephyr/libzephyr.a(usb_device.c.obj)
 .text.usb_data_to_host
                0x00000000080411bc       0x60 zephyr/libzephyr.a(usb_device.c.obj)
 .text.usb_handle_control_transfer
                0x000000000804121c       0xdc zephyr/libzephyr.a(usb_device.c.obj)
 .text.usb_set_config
                0x00000000080412f8       0x2c zephyr/libzephyr.a(usb_device.c.obj)
                0x00000000080412f8                usb_set_config
 .text.usb_enable
                0x0000000008041324      0x13c zephyr/libzephyr.a(usb_device.c.obj)
                0x0000000008041324                usb_enable
 .text.usb_update_sn_string_descriptor
                0x0000000008041460       0x8c zephyr/libzephyr.a(usb_descriptor.c.obj)
                0x0000000008041460                usb_update_sn_string_descriptor
 .text.usb_get_device_descriptor
                0x00000000080414ec      0x1e4 zephyr/libzephyr.a(usb_descriptor.c.obj)
                0x00000000080414ec                usb_get_device_descriptor
 .text.usb_ep_get_transfer
                0x00000000080416d0       0x28 zephyr/libzephyr.a(usb_transfer.c.obj)
 .text.usb_transfer_work
                0x00000000080416f8      0x100 zephyr/libzephyr.a(usb_transfer.c.obj)
 .text.usb_transfer_ep_callback
                0x00000000080417f8       0x5c zephyr/libzephyr.a(usb_transfer.c.obj)
                0x00000000080417f8                usb_transfer_ep_callback
 .text.usb_transfer
                0x0000000008041854       0xe0 zephyr/libzephyr.a(usb_transfer.c.obj)
                0x0000000008041854                usb_transfer
 .text.usb_cancel_transfer
                0x0000000008041934       0x3c zephyr/libzephyr.a(usb_transfer.c.obj)
                0x0000000008041934                usb_cancel_transfer
 .text.usb_cancel_transfers
                0x0000000008041970       0x44 zephyr/libzephyr.a(usb_transfer.c.obj)
                0x0000000008041970                usb_cancel_transfers
 .text.usb_transfer_init
                0x00000000080419b4       0x30 zephyr/libzephyr.a(usb_transfer.c.obj)
                0x00000000080419b4                usb_transfer_init
 .text.cdc_acm_class_handle_req
                0x00000000080419e4       0x64 zephyr/libzephyr.a(cdc_acm.c.obj)
                0x00000000080419e4                cdc_acm_class_handle_req
 .text.cdc_acm_int_in
                0x0000000008041a48       0x18 zephyr/libzephyr.a(cdc_acm.c.obj)
 .text.cdc_acm_irq_rx_enable
                0x0000000008041a60       0x20 zephyr/libzephyr.a(cdc_acm.c.obj)
 .text.cdc_acm_irq_tx_enable
                0x0000000008041a80       0x20 zephyr/libzephyr.a(cdc_acm.c.obj)
 .text.cdc_acm_write_cb
                0x0000000008041aa0       0x54 zephyr/libzephyr.a(cdc_acm.c.obj)
 .text.cdc_acm_fifo_fill
                0x0000000008041af4       0x50 zephyr/libzephyr.a(cdc_acm.c.obj)
 .text.cdc_acm_reset_port
                0x0000000008041b44       0x3c zephyr/libzephyr.a(cdc_acm.c.obj)
 .text.tx_work_handler
                0x0000000008041b80       0x68 zephyr/libzephyr.a(cdc_acm.c.obj)
 .text.cdc_acm_init
                0x0000000008041be8       0x48 zephyr/libzephyr.a(cdc_acm.c.obj)
 .text.cdc_acm_send_notification.isra.0
                0x0000000008041c30       0x44 zephyr/libzephyr.a(cdc_acm.c.obj)
 .text.cdc_acm_poll_out
                0x0000000008041c74       0x70 zephyr/libzephyr.a(cdc_acm.c.obj)
 .text.cdc_acm_read_cb
                0x0000000008041ce4       0x78 zephyr/libzephyr.a(cdc_acm.c.obj)
 .text.cdc_acm_dev_status_cb
                0x0000000008041d5c       0x80 zephyr/libzephyr.a(cdc_acm.c.obj)
 .text.z_usb_work_q_init
                0x0000000008041ddc       0x34 zephyr/libzephyr.a(usb_work_q.c.obj)
 .text.z_arm_nmi
                0x0000000008041e10       0x14 zephyr/arch/arch/arm/core/libarch__arm__core.a(nmi.c.obj)
                0x0000000008041e10                z_arm_nmi
 .text.z_SysNmiOnReset
                0x0000000008041e24        0x8 zephyr/arch/arch/arm/core/libarch__arm__core.a(nmi_on_reset.S.obj)
                0x0000000008041e24                z_SysNmiOnReset
 .text.arch_tls_stack_setup
                0x0000000008041e2c       0x40 zephyr/arch/arch/arm/core/libarch__arm__core.a(tls.c.obj)
                0x0000000008041e2c                arch_tls_stack_setup
 .text._HandlerModeExit
                0x0000000008041e6c       0x28 zephyr/arch/arch/arm/core/cortex_m/libarch__arm__core__cortex_m.a(exc_exit.c.obj)
                0x0000000008041e6c                z_arm_exc_exit
                0x0000000008041e6c                z_arm_int_exit
 .text.mem_manage_fault
                0x0000000008041e94       0xa0 zephyr/arch/arch/arm/core/cortex_m/libarch__arm__core__cortex_m.a(fault.c.obj)
 .text.usage_fault.constprop.0
                0x0000000008041f34       0x54 zephyr/arch/arch/arm/core/cortex_m/libarch__arm__core__cortex_m.a(fault.c.obj)
 .text.bus_fault.constprop.0
                0x0000000008041f88       0x6c zephyr/arch/arch/arm/core/cortex_m/libarch__arm__core__cortex_m.a(fault.c.obj)
 .text.z_arm_fault
                0x0000000008041ff4      0x128 zephyr/arch/arch/arm/core/cortex_m/libarch__arm__core__cortex_m.a(fault.c.obj)
                0x0000000008041ff4                z_arm_fault
 .text.z_arm_fault_init
                0x000000000804211c       0x18 zephyr/arch/arch/arm/core/cortex_m/libarch__arm__core__cortex_m.a(fault.c.obj)
                0x000000000804211c                z_arm_fault_init
 .text.__fault  0x0000000008042134       0x14 zephyr/arch/arch/arm/core/cortex_m/libarch__arm__core__cortex_m.a(fault_s.S.obj)
                0x0000000008042134                z_arm_bus_fault
                0x0000000008042134                z_arm_usage_fault
                0x0000000008042134                z_arm_mpu_fault
                0x0000000008042134                z_arm_exc_spurious
                0x0000000008042134                z_arm_debug_monitor
                0x0000000008042134                z_arm_hard_fault
 .text._reset_section
                0x0000000008042148       0x2c zephyr/arch/arch/arm/core/cortex_m/libarch__arm__core__cortex_m.a(reset.S.obj)
                0x0000000008042148                z_arm_reset
                0x0000000008042148                __start
 .text.z_impl_k_thread_abort
                0x0000000008042174       0x2c zephyr/arch/arch/arm/core/cortex_m/libarch__arm__core__cortex_m.a(thread_abort.c.obj)
                0x0000000008042174                z_impl_k_thread_abort
 .text.arch_swap
                0x00000000080421a0       0x30 zephyr/arch/arch/arm/core/cortex_m/libarch__arm__core__cortex_m.a(swap.c.obj)
                0x00000000080421a0                arch_swap
 .text.z_arm_pendsv_c
                0x00000000080421d0       0x48 zephyr/arch/arch/arm/core/cortex_m/libarch__arm__core__cortex_m.a(swap.c.obj)
                0x00000000080421d0                z_arm_pendsv_c
 .text.z_arm_pendsv
                0x0000000008042218       0x34 zephyr/arch/arch/arm/core/cortex_m/libarch__arm__core__cortex_m.a(swap_helper.S.obj)
                0x0000000008042218                z_arm_pendsv
 .text.z_arm_svc
                0x000000000804224c       0x20 zephyr/arch/arch/arm/core/cortex_m/libarch__arm__core__cortex_m.a(swap_helper.S.obj)
                0x000000000804224c                z_arm_svc
 .text.arch_irq_enable
                0x000000000804226c       0x1c zephyr/arch/arch/arm/core/cortex_m/libarch__arm__core__cortex_m.a(irq_manage.c.obj)
                0x000000000804226c                arch_irq_enable
 .text.arch_irq_disable
                0x0000000008042288       0x28 zephyr/arch/arch/arm/core/cortex_m/libarch__arm__core__cortex_m.a(irq_manage.c.obj)
                0x0000000008042288                arch_irq_disable
 .text.z_arm_irq_priority_set
                0x00000000080422b0       0x2c zephyr/arch/arch/arm/core/cortex_m/libarch__arm__core__cortex_m.a(irq_manage.c.obj)
                0x00000000080422b0                z_arm_irq_priority_set
 .text.z_prep_c
                0x00000000080422dc       0x48 zephyr/arch/arch/arm/core/cortex_m/libarch__arm__core__cortex_m.a(prep_c.c.obj)
                0x00000000080422dc                z_prep_c
 .text.arch_new_thread
                0x0000000008042324       0x2c zephyr/arch/arch/arm/core/cortex_m/libarch__arm__core__cortex_m.a(thread.c.obj)
                0x0000000008042324                arch_new_thread
 .text.z_check_thread_stack_fail
                0x0000000008042350       0x2c zephyr/arch/arch/arm/core/cortex_m/libarch__arm__core__cortex_m.a(thread.c.obj)
                0x0000000008042350                z_check_thread_stack_fail
 .text.arch_switch_to_main_thread
                0x000000000804237c       0x44 zephyr/arch/arch/arm/core/cortex_m/libarch__arm__core__cortex_m.a(thread.c.obj)
                0x000000000804237c                arch_switch_to_main_thread
 .text.z_arm_cpu_idle_init
                0x00000000080423c0        0xc zephyr/arch/arch/arm/core/cortex_m/libarch__arm__core__cortex_m.a(cpu_idle.c.obj)
                0x00000000080423c0                z_arm_cpu_idle_init
 .text.z_arm_interrupt_init
                0x00000000080423cc       0x18 zephyr/arch/arch/arm/core/cortex_m/libarch__arm__core__cortex_m.a(irq_init.c.obj)
                0x00000000080423cc                z_arm_interrupt_init
 .text._isr_wrapper
                0x00000000080423e4       0x24 zephyr/arch/arch/arm/core/cortex_m/libarch__arm__core__cortex_m.a(isr_wrapper.c.obj)
                0x00000000080423e4                _isr_wrapper
 .text.z_arm_configure_static_mpu_regions
                0x0000000008042408       0x18 zephyr/arch/arch/arm/core/mpu/libarch__arm__core__mpu.a(arm_core_mpu.c.obj)
                0x0000000008042408                z_arm_configure_static_mpu_regions
 .text.z_arm_configure_dynamic_mpu_regions
                0x0000000008042420       0x20 zephyr/arch/arch/arm/core/mpu/libarch__arm__core__mpu.a(arm_core_mpu.c.obj)
                0x0000000008042420                z_arm_configure_dynamic_mpu_regions
 .text.region_init
                0x0000000008042440       0x28 zephyr/arch/arch/arm/core/mpu/libarch__arm__core__mpu.a(arm_mpu.c.obj)
 .text.mpu_configure_regions
                0x0000000008042468       0x6c zephyr/arch/arch/arm/core/mpu/libarch__arm__core__mpu.a(arm_mpu.c.obj)
 .text.arm_core_mpu_enable
                0x00000000080424d4       0x18 zephyr/arch/arch/arm/core/mpu/libarch__arm__core__mpu.a(arm_mpu.c.obj)
                0x00000000080424d4                arm_core_mpu_enable
 .text.arm_core_mpu_disable
                0x00000000080424ec       0x14 zephyr/arch/arch/arm/core/mpu/libarch__arm__core__mpu.a(arm_mpu.c.obj)
                0x00000000080424ec                arm_core_mpu_disable
 .text.arm_core_mpu_configure_static_mpu_regions
                0x0000000008042500       0x14 zephyr/arch/arch/arm/core/mpu/libarch__arm__core__mpu.a(arm_mpu.c.obj)
                0x0000000008042500                arm_core_mpu_configure_static_mpu_regions
 .text.arm_core_mpu_configure_dynamic_mpu_regions
                0x0000000008042514       0x38 zephyr/arch/arch/arm/core/mpu/libarch__arm__core__mpu.a(arm_mpu.c.obj)
                0x0000000008042514                arm_core_mpu_configure_dynamic_mpu_regions
 .text.z_arm_mpu_init
                0x000000000804254c      0x168 zephyr/arch/arch/arm/core/mpu/libarch__arm__core__mpu.a(arm_mpu.c.obj)
                0x000000000804254c                z_arm_mpu_init
 .text.z_impl_zephyr_fputc
                0x00000000080426b4       0x10 zephyr/lib/libc/picolibc/liblib__libc__picolibc.a(libc-hooks.c.obj)
                0x00000000080426b4                z_impl_zephyr_fputc
 .text.__stdout_hook_install
                0x00000000080426c4       0x18 zephyr/lib/libc/picolibc/liblib__libc__picolibc.a(libc-hooks.c.obj)
                0x00000000080426c4                __stdout_hook_install
 .text.malloc_prepare
                0x00000000080426dc       0x24 zephyr/lib/libc/common/liblib__libc__common.a(malloc.c.obj)
 .text.board_init
                0x0000000008042700       0x34 zephyr/boards/arduino/portenta_h7/libboards__arduino__portenta_h7.a(board.c.obj)
 .text.stm32_exti_isr
                0x0000000008042734       0x50 zephyr/drivers/interrupt_controller/libdrivers__interrupt_controller.a(intc_exti_stm32.c.obj)
 .text.stm32_fill_irq_table
                0x0000000008042784       0x18 zephyr/drivers/interrupt_controller/libdrivers__interrupt_controller.a(intc_exti_stm32.c.obj)
 .text.z_stm32_hsem_lock.constprop.0
                0x000000000804279c       0x34 zephyr/drivers/interrupt_controller/libdrivers__interrupt_controller.a(intc_exti_stm32.c.obj)
 .text.stm32_exti_init
                0x00000000080427d0       0xb4 zephyr/drivers/interrupt_controller/libdrivers__interrupt_controller.a(intc_exti_stm32.c.obj)
 .text.stm32_gpio_intc_enable_line
                0x0000000008042884       0x30 zephyr/drivers/interrupt_controller/libdrivers__interrupt_controller.a(intc_exti_stm32.c.obj)
                0x0000000008042884                stm32_gpio_intc_enable_line
 .text.stm32_gpio_intc_select_line_trigger
                0x00000000080428b4       0x68 zephyr/drivers/interrupt_controller/libdrivers__interrupt_controller.a(intc_exti_stm32.c.obj)
                0x00000000080428b4                stm32_gpio_intc_select_line_trigger
 .text.stm32_gpio_intc_set_irq_callback
                0x000000000804291c       0x40 zephyr/drivers/interrupt_controller/libdrivers__interrupt_controller.a(intc_exti_stm32.c.obj)
                0x000000000804291c                stm32_gpio_intc_set_irq_callback
 .text.stm32_gpio_intc_remove_irq_callback
                0x000000000804295c       0x24 zephyr/drivers/interrupt_controller/libdrivers__interrupt_controller.a(intc_exti_stm32.c.obj)
                0x000000000804295c                stm32_gpio_intc_remove_irq_callback
 .text.stm32_exti_set_line_src_port
                0x0000000008042980       0x50 zephyr/drivers/interrupt_controller/libdrivers__interrupt_controller.a(intc_exti_stm32.c.obj)
                0x0000000008042980                stm32_exti_set_line_src_port
 .text.stm32_exti_get_line_src_port
                0x00000000080429d0       0x38 zephyr/drivers/interrupt_controller/libdrivers__interrupt_controller.a(intc_exti_stm32.c.obj)
                0x00000000080429d0                stm32_exti_get_line_src_port
 .text.usb_dc_stm32_get_ep_state
                0x0000000008042a08       0x2c zephyr/drivers/usb/device/libdrivers__usb__device.a(usb_dc_stm32.c.obj)
 .text.usb_dc_stm32_isr
                0x0000000008042a34        0xc zephyr/drivers/usb/device/libdrivers__usb__device.a(usb_dc_stm32.c.obj)
 .text.usb_dc_attach
                0x0000000008042a40      0x1ac zephyr/drivers/usb/device/libdrivers__usb__device.a(usb_dc_stm32.c.obj)
                0x0000000008042a40                usb_dc_attach
 .text.usb_dc_set_status_callback
                0x0000000008042bec        0xc zephyr/drivers/usb/device/libdrivers__usb__device.a(usb_dc_stm32.c.obj)
                0x0000000008042bec                usb_dc_set_status_callback
 .text.usb_dc_set_address
                0x0000000008042bf8       0x1c zephyr/drivers/usb/device/libdrivers__usb__device.a(usb_dc_stm32.c.obj)
                0x0000000008042bf8                usb_dc_set_address
 .text.usb_dc_ep_start_read
                0x0000000008042c14       0x44 zephyr/drivers/usb/device/libdrivers__usb__device.a(usb_dc_stm32.c.obj)
                0x0000000008042c14                usb_dc_ep_start_read
 .text.usb_dc_ep_get_read_count
                0x0000000008042c58       0x24 zephyr/drivers/usb/device/libdrivers__usb__device.a(usb_dc_stm32.c.obj)
                0x0000000008042c58                usb_dc_ep_get_read_count
 .text.usb_dc_ep_set_stall
                0x0000000008042c7c       0x2c zephyr/drivers/usb/device/libdrivers__usb__device.a(usb_dc_stm32.c.obj)
                0x0000000008042c7c                usb_dc_ep_set_stall
 .text.usb_dc_ep_clear_stall
                0x0000000008042ca8       0x2c zephyr/drivers/usb/device/libdrivers__usb__device.a(usb_dc_stm32.c.obj)
                0x0000000008042ca8                usb_dc_ep_clear_stall
 .text.usb_dc_ep_enable
                0x0000000008042cd4       0x48 zephyr/drivers/usb/device/libdrivers__usb__device.a(usb_dc_stm32.c.obj)
                0x0000000008042cd4                usb_dc_ep_enable
 .text.usb_dc_ep_disable
                0x0000000008042d1c       0x28 zephyr/drivers/usb/device/libdrivers__usb__device.a(usb_dc_stm32.c.obj)
                0x0000000008042d1c                usb_dc_ep_disable
 .text.usb_dc_ep_write
                0x0000000008042d44       0xa4 zephyr/drivers/usb/device/libdrivers__usb__device.a(usb_dc_stm32.c.obj)
                0x0000000008042d44                usb_dc_ep_write
 .text.usb_dc_ep_read_wait
                0x0000000008042de8       0x5c zephyr/drivers/usb/device/libdrivers__usb__device.a(usb_dc_stm32.c.obj)
                0x0000000008042de8                usb_dc_ep_read_wait
 .text.usb_dc_ep_read_continue
                0x0000000008042e44       0x30 zephyr/drivers/usb/device/libdrivers__usb__device.a(usb_dc_stm32.c.obj)
                0x0000000008042e44                usb_dc_ep_read_continue
 .text.HAL_PCD_ResetCallback
                0x0000000008042e74       0x54 zephyr/drivers/usb/device/libdrivers__usb__device.a(usb_dc_stm32.c.obj)
                0x0000000008042e74                HAL_PCD_ResetCallback
 .text.HAL_PCD_ConnectCallback
                0x0000000008042ec8       0x14 zephyr/drivers/usb/device/libdrivers__usb__device.a(usb_dc_stm32.c.obj)
                0x0000000008042ec8                HAL_PCD_ConnectCallback
 .text.HAL_PCD_DisconnectCallback
                0x0000000008042edc       0x14 zephyr/drivers/usb/device/libdrivers__usb__device.a(usb_dc_stm32.c.obj)
                0x0000000008042edc                HAL_PCD_DisconnectCallback
 .text.HAL_PCD_SuspendCallback
                0x0000000008042ef0       0x14 zephyr/drivers/usb/device/libdrivers__usb__device.a(usb_dc_stm32.c.obj)
                0x0000000008042ef0                HAL_PCD_SuspendCallback
 .text.HAL_PCD_ResumeCallback
                0x0000000008042f04       0x14 zephyr/drivers/usb/device/libdrivers__usb__device.a(usb_dc_stm32.c.obj)
                0x0000000008042f04                HAL_PCD_ResumeCallback
 .text.HAL_PCD_SetupStageCallback
                0x0000000008042f18       0x4c zephyr/drivers/usb/device/libdrivers__usb__device.a(usb_dc_stm32.c.obj)
                0x0000000008042f18                HAL_PCD_SetupStageCallback
 .text.get_pllsrc_frequency
                0x0000000008042f64       0x24 zephyr/drivers/clock_control/libdrivers__clock_control.a(clock_stm32_ll_h7.c.obj)
 .text.get_hclk_frequency
                0x0000000008042f88       0x40 zephyr/drivers/clock_control/libdrivers__clock_control.a(clock_stm32_ll_h7.c.obj)
 .text.stm32_clock_control_get_subsys_rate
                0x0000000008042fc8       0xc0 zephyr/drivers/clock_control/libdrivers__clock_control.a(clock_stm32_ll_h7.c.obj)
 .text.z_stm32_hsem_lock.constprop.0
                0x0000000008043088       0x34 zephyr/drivers/clock_control/libdrivers__clock_control.a(clock_stm32_ll_h7.c.obj)
 .text.stm32_clock_control_configure
                0x00000000080430bc       0x6c zephyr/drivers/clock_control/libdrivers__clock_control.a(clock_stm32_ll_h7.c.obj)
 .text.stm32_clock_control_off
                0x0000000008043128       0x3c zephyr/drivers/clock_control/libdrivers__clock_control.a(clock_stm32_ll_h7.c.obj)
 .text.stm32_clock_control_on
                0x0000000008043164       0x4c zephyr/drivers/clock_control/libdrivers__clock_control.a(clock_stm32_ll_h7.c.obj)
 .text.stm32_clock_control_init
                0x00000000080431b0      0x220 zephyr/drivers/clock_control/libdrivers__clock_control.a(clock_stm32_ll_h7.c.obj)
                0x00000000080431b0                stm32_clock_control_init
 .text.uart_console_init
                0x00000000080433d0       0x28 zephyr/drivers/console/libdrivers__console.a(uart_console.c.obj)
 .text.console_out
                0x00000000080433f8       0x28 zephyr/drivers/console/libdrivers__console.a(uart_console.c.obj)
 .text.gpio_stm32_pin_interrupt_configure
                0x0000000008043420       0xac zephyr/drivers/gpio/libdrivers__gpio.a(gpio_stm32.c.obj)
 .text.z_stm32_hsem_lock.constprop.0
                0x00000000080434cc       0x34 zephyr/drivers/gpio/libdrivers__gpio.a(gpio_stm32.c.obj)
 .text.gpio_stm32_port_toggle_bits
                0x0000000008043500       0x24 zephyr/drivers/gpio/libdrivers__gpio.a(gpio_stm32.c.obj)
 .text.gpio_stm32_port_set_masked_raw
                0x0000000008043524       0x28 zephyr/drivers/gpio/libdrivers__gpio.a(gpio_stm32.c.obj)
 .text.gpio_stm32_init
                0x000000000804354c       0x30 zephyr/drivers/gpio/libdrivers__gpio.a(gpio_stm32.c.obj)
 .text.gpio_stm32_configure_raw.isra.0
                0x000000000804357c       0xc0 zephyr/drivers/gpio/libdrivers__gpio.a(gpio_stm32.c.obj)
 .text.z_impl_hwinfo_get_device_id
                0x000000000804363c       0x38 zephyr/drivers/hwinfo/libdrivers__hwinfo.a(hwinfo_stm32.c.obj)
                0x000000000804363c                z_impl_hwinfo_get_device_id
 .text.pinctrl_configure_pins
                0x0000000008043674       0x84 zephyr/drivers/pinctrl/libdrivers__pinctrl.a(pinctrl_stm32.c.obj)
                0x0000000008043674                pinctrl_configure_pins
 .text.uart_stm32_irq_err_enable
                0x00000000080436f8       0x78 zephyr/drivers/serial/libdrivers__serial.a(uart_stm32.c.obj)
 .text.uart_stm32_irq_err_disable
                0x0000000008043770       0x78 zephyr/drivers/serial/libdrivers__serial.a(uart_stm32.c.obj)
 .text.uart_stm32_parameters_set
                0x00000000080437e8      0x134 zephyr/drivers/serial/libdrivers__serial.a(uart_stm32.c.obj)
 .text.uart_stm32_init
                0x000000000804391c      0x174 zephyr/drivers/serial/libdrivers__serial.a(uart_stm32.c.obj)
 .text.uart_stm32_configure
                0x0000000008043a90      0x16c zephyr/drivers/serial/libdrivers__serial.a(uart_stm32.c.obj)
 .text.elapsed  0x0000000008043bfc       0x4c zephyr/drivers/timer/libdrivers__timer.a(cortex_m_systick.c.obj)
 .text.sys_clock_driver_init
                0x0000000008043c48       0x38 zephyr/drivers/timer/libdrivers__timer.a(cortex_m_systick.c.obj)
 .text.sys_clock_isr
                0x0000000008043c80       0x60 zephyr/drivers/timer/libdrivers__timer.a(cortex_m_systick.c.obj)
                0x0000000008043c80                sys_clock_isr
 .text.sys_clock_set_timeout
                0x0000000008043ce0       0xfc zephyr/drivers/timer/libdrivers__timer.a(cortex_m_systick.c.obj)
                0x0000000008043ce0                sys_clock_set_timeout
 .text.sys_clock_elapsed
                0x0000000008043ddc       0x3c zephyr/drivers/timer/libdrivers__timer.a(cortex_m_systick.c.obj)
                0x0000000008043ddc                sys_clock_elapsed
 .text.sys_clock_cycle_get_32
                0x0000000008043e18       0x28 zephyr/drivers/timer/libdrivers__timer.a(cortex_m_systick.c.obj)
                0x0000000008043e18                sys_clock_cycle_get_32
 .text.HAL_DBGMCU_DisableDBGStopMode
                0x0000000008043e40       0x10 modules/hal_stm32/stm32cube/lib..__modules__hal__stm32__stm32cube.a(stm32h7xx_hal.c.obj)
                0x0000000008043e40                HAL_DBGMCU_DisableDBGStopMode
 .text.HAL_RCC_GetSysClockFreq
                0x0000000008043e50      0x158 modules/hal_stm32/stm32cube/lib..__modules__hal__stm32__stm32cube.a(stm32h7xx_hal_rcc.c.obj)
                0x0000000008043e50                HAL_RCC_GetSysClockFreq
 .text.HAL_RCC_GetHCLKFreq
                0x0000000008043fa8       0x44 modules/hal_stm32/stm32cube/lib..__modules__hal__stm32__stm32cube.a(stm32h7xx_hal_rcc.c.obj)
                0x0000000008043fa8                HAL_RCC_GetHCLKFreq
 .text.HAL_PCD_IRQHandler
                0x0000000008043fec      0x6d0 modules/hal_stm32/stm32cube/lib..__modules__hal__stm32__stm32cube.a(stm32h7xx_hal_pcd.c.obj)
                0x0000000008043fec                HAL_PCD_IRQHandler
 .text.USB_SetTurnaroundTime
                0x00000000080446bc       0xe0 modules/hal_stm32/stm32cube/lib..__modules__hal__stm32__stm32cube.a(stm32h7xx_ll_usb.c.obj)
                0x00000000080446bc                USB_SetTurnaroundTime
 .text.USB_DevInit
                0x000000000804479c      0x180 modules/hal_stm32/stm32cube/lib..__modules__hal__stm32__stm32cube.a(stm32h7xx_ll_usb.c.obj)
                0x000000000804479c                USB_DevInit
 .text.USB_DeactivateEndpoint
                0x000000000804491c       0xc0 modules/hal_stm32/stm32cube/lib..__modules__hal__stm32__stm32cube.a(stm32h7xx_ll_usb.c.obj)
                0x000000000804491c                USB_DeactivateEndpoint
 .text.USB_EPStartXfer
                0x00000000080449dc      0x1c0 modules/hal_stm32/stm32cube/lib..__modules__hal__stm32__stm32cube.a(stm32h7xx_ll_usb.c.obj)
                0x00000000080449dc                USB_EPStartXfer
 .text.USB_EP0_OutStart
                0x0000000008044b9c       0x4c modules/hal_stm32/stm32cube/lib..__modules__hal__stm32__stm32cube.a(stm32h7xx_ll_usb.c.obj)
                0x0000000008044b9c                USB_EP0_OutStart
 .text.LL_SetFlashLatency
                0x0000000008044be8       0xf4 modules/hal_stm32/stm32cube/lib..__modules__hal__stm32__stm32cube.a(stm32h7xx_ll_utils.c.obj)
                0x0000000008044be8                LL_SetFlashLatency
 .text.z_fatal_error
                0x0000000008044cdc       0x30 zephyr/kernel/libkernel.a(fatal.c.obj)
                0x0000000008044cdc                z_fatal_error
 .text.z_sys_init_run_level
                0x0000000008044d0c       0x2c zephyr/kernel/libkernel.a(init.c.obj)
 .text.bg_thread_main
                0x0000000008044d38       0xc4 zephyr/kernel/libkernel.a(init.c.obj)
 .text.z_bss_zero
                0x0000000008044dfc       0x18 zephyr/kernel/libkernel.a(init.c.obj)
                0x0000000008044dfc                z_bss_zero
 .text.z_init_cpu
                0x0000000008044e14       0x70 zephyr/kernel/libkernel.a(init.c.obj)
                0x0000000008044e14                z_init_cpu
 .text.z_cstart
                0x0000000008044e84       0xd0 zephyr/kernel/libkernel.a(init.c.obj)
                0x0000000008044e84                z_cstart
 .text.z_impl_k_mutex_lock
                0x0000000008044f54       0xf0 zephyr/kernel/libkernel.a(mutex.c.obj)
                0x0000000008044f54                z_impl_k_mutex_lock
 .text.z_impl_k_mutex_unlock
                0x0000000008045044       0x78 zephyr/kernel/libkernel.a(mutex.c.obj)
                0x0000000008045044                z_impl_k_mutex_unlock
 .text.z_impl_k_sem_give
                0x00000000080450bc       0x48 zephyr/kernel/libkernel.a(sem.c.obj)
                0x00000000080450bc                z_impl_k_sem_give
 .text.z_impl_k_sem_take
                0x0000000008045104       0x4c zephyr/kernel/libkernel.a(sem.c.obj)
                0x0000000008045104                z_impl_k_sem_take
 .text.work_queue_main
                0x0000000008045150      0x144 zephyr/kernel/libkernel.a(work.c.obj)
 .text.submit_to_queue_locked
                0x0000000008045294       0xb0 zephyr/kernel/libkernel.a(work.c.obj)
 .text.k_work_queue_start
                0x0000000008045344       0x7c zephyr/kernel/libkernel.a(work.c.obj)
                0x0000000008045344                k_work_queue_start
 .text.k_work_schedule_for_queue
                0x00000000080453c0       0x54 zephyr/kernel/libkernel.a(work.c.obj)
                0x00000000080453c0                k_work_schedule_for_queue
 .text.z_setup_new_thread
                0x0000000008045414       0x9c zephyr/kernel/libkernel.a(thread.c.obj)
                0x0000000008045414                z_setup_new_thread
 .text.z_impl_k_thread_create
                0x00000000080454b0       0x58 zephyr/kernel/libkernel.a(thread.c.obj)
                0x00000000080454b0                z_impl_k_thread_create
 .text.update_cache
                0x0000000008045508       0x3c zephyr/kernel/libkernel.a(sched.c.obj)
 .text.unready_thread
                0x0000000008045544       0x30 zephyr/kernel/libkernel.a(sched.c.obj)
 .text.ready_thread
                0x0000000008045574       0x68 zephyr/kernel/libkernel.a(sched.c.obj)
 .text.z_thread_halt
                0x00000000080455dc       0xdc zephyr/kernel/libkernel.a(sched.c.obj)
 .text.move_thread_to_end_of_prio_q
                0x00000000080456b8       0x74 zephyr/kernel/libkernel.a(sched.c.obj)
                0x00000000080456b8                move_thread_to_end_of_prio_q
 .text.z_pend_curr
                0x000000000804572c       0x58 zephyr/kernel/libkernel.a(sched.c.obj)
                0x000000000804572c                z_pend_curr
 .text.z_thread_prio_set
                0x0000000008045784       0x88 zephyr/kernel/libkernel.a(sched.c.obj)
                0x0000000008045784                z_thread_prio_set
 .text.z_reschedule
                0x000000000804580c       0x24 zephyr/kernel/libkernel.a(sched.c.obj)
                0x000000000804580c                z_reschedule
 .text.z_sched_start
                0x0000000008045830       0x3c zephyr/kernel/libkernel.a(sched.c.obj)
                0x0000000008045830                z_sched_start
 .text.z_reschedule_irqlock
                0x000000000804586c       0x28 zephyr/kernel/libkernel.a(sched.c.obj)
                0x000000000804586c                z_reschedule_irqlock
 .text.k_sched_lock
                0x0000000008045894       0x28 zephyr/kernel/libkernel.a(sched.c.obj)
                0x0000000008045894                k_sched_lock
 .text.k_sched_unlock
                0x00000000080458bc       0x40 zephyr/kernel/libkernel.a(sched.c.obj)
                0x00000000080458bc                k_sched_unlock
 .text.z_sched_init
                0x00000000080458fc       0x10 zephyr/kernel/libkernel.a(sched.c.obj)
                0x00000000080458fc                z_sched_init
 .text.z_impl_k_yield
                0x000000000804590c       0x7c zephyr/kernel/libkernel.a(sched.c.obj)
                0x000000000804590c                z_impl_k_yield
 .text.z_tick_sleep
                0x0000000008045988       0x88 zephyr/kernel/libkernel.a(sched.c.obj)
 .text.z_impl_k_sleep
                0x0000000008045a10       0x38 zephyr/kernel/libkernel.a(sched.c.obj)
                0x0000000008045a10                z_impl_k_sleep
 .text.z_impl_k_sched_current_thread_query
                0x0000000008045a48        0xc zephyr/kernel/libkernel.a(sched.c.obj)
                0x0000000008045a48                z_impl_k_sched_current_thread_query
 .text.z_sched_wait
                0x0000000008045a54       0x24 zephyr/kernel/libkernel.a(sched.c.obj)
                0x0000000008045a54                z_sched_wait
 .text.slice_timeout
                0x0000000008045a78       0x20 zephyr/kernel/libkernel.a(timeslicing.c.obj)
 .text.thread_is_sliceable
                0x0000000008045a98       0x3c zephyr/kernel/libkernel.a(timeslicing.c.obj)
                0x0000000008045a98                thread_is_sliceable
 .text.z_reset_time_slice
                0x0000000008045ad4       0x50 zephyr/kernel/libkernel.a(timeslicing.c.obj)
                0x0000000008045ad4                z_reset_time_slice
 .text.z_time_slice
                0x0000000008045b24       0x60 zephyr/kernel/libkernel.a(timeslicing.c.obj)
                0x0000000008045b24                z_time_slice
 .text.z_data_copy
                0x0000000008045b84       0x34 zephyr/kernel/libkernel.a(xip.c.obj)
                0x0000000008045b84                z_data_copy
 .text.elapsed  0x0000000008045bb8       0x14 zephyr/kernel/libkernel.a(timeout.c.obj)
 .text.remove_timeout
                0x0000000008045bcc       0x38 zephyr/kernel/libkernel.a(timeout.c.obj)
 .text.next_timeout
                0x0000000008045c04       0x40 zephyr/kernel/libkernel.a(timeout.c.obj)
 .text.z_add_timeout
                0x0000000008045c44       0xf4 zephyr/kernel/libkernel.a(timeout.c.obj)
                0x0000000008045c44                z_add_timeout
 .text.sys_clock_announce
                0x0000000008045d38       0xd4 zephyr/kernel/libkernel.a(timeout.c.obj)
                0x0000000008045d38                sys_clock_announce
 .text.sys_clock_tick_get
                0x0000000008045e0c       0x30 zephyr/kernel/libkernel.a(timeout.c.obj)
                0x0000000008045e0c                sys_clock_tick_get
 .text.boot_banner
                0x0000000008045e3c        0xc zephyr/kernel/libkernel.a(banner.c.obj)
                0x0000000008045e3c                boot_banner
 .text.k_sys_work_q_init
                0x0000000008045e48       0x34 zephyr/kernel/libkernel.a(system_work_q.c.obj)
 .text.printf   0x0000000008045e7c       0x24 /home/deepspace/zephyr-sdk-0.16.8/arm-zephyr-eabi/bin/../lib/gcc/../../picolibc/arm-zephyr-eabi/lib/thumb/v7e-m/nofp/libc.a(libc_tinystdio_printf.c.o)
                0x0000000008045e7c                printf
 .text.__l_vfprintf
                0x0000000008045ea0      0x4b8 /home/deepspace/zephyr-sdk-0.16.8/arm-zephyr-eabi/bin/../lib/gcc/../../picolibc/arm-zephyr-eabi/lib/thumb/v7e-m/nofp/libc.a(libc_tinystdio_vflprintf.c.o)
                0x0000000008045ea0                __l_vfprintf
 .text._OffsetAbsSyms
                0x0000000008046358        0x2 zephyr/CMakeFiles/offsets.dir/./arch/arm/core/offsets/offsets.c.obj
                0x0000000008046358                _OffsetAbsSyms
 .text.chunk_field
                0x000000000804635a       0x16 zephyr/libzephyr.a(heap.c.obj)
 .text.chunk_set
                0x0000000008046370       0x16 zephyr/libzephyr.a(heap.c.obj)
 .text.chunk_size
                0x0000000008046386        0xc zephyr/libzephyr.a(heap.c.obj)
 .text.set_chunk_used
                0x0000000008046392       0x30 zephyr/libzephyr.a(heap.c.obj)
 .text.set_chunk_size
                0x00000000080463c2        0x8 zephyr/libzephyr.a(heap.c.obj)
 .text.bucket_idx.isra.0
                0x00000000080463ca       0x1e zephyr/libzephyr.a(heap.c.obj)
 .text.free_list_add
                0x00000000080463e8       0x84 zephyr/libzephyr.a(heap.c.obj)
 .text.sys_heap_init
                0x000000000804646c       0xb0 zephyr/libzephyr.a(heap.c.obj)
                0x000000000804646c                sys_heap_init
 .text.arch_printk_char_out
                0x000000000804651c        0x4 zephyr/libzephyr.a(printk.c.obj)
                0x000000000804651c                arch_printk_char_out
 .text.printk   0x0000000008046520       0x1a zephyr/libzephyr.a(printk.c.obj)
                0x0000000008046520                printk
 .text.ring_buf_put_claim
                0x000000000804653a       0x40 zephyr/libzephyr.a(ring_buffer.c.obj)
                0x000000000804653a                ring_buf_put_claim
 .text.ring_buf_put_finish
                0x000000000804657a       0x2a zephyr/libzephyr.a(ring_buffer.c.obj)
                0x000000000804657a                ring_buf_put_finish
 .text.ring_buf_put
                0x00000000080465a4       0x3e zephyr/libzephyr.a(ring_buffer.c.obj)
                0x00000000080465a4                ring_buf_put
 .text.ring_buf_get_claim
                0x00000000080465e2       0x3e zephyr/libzephyr.a(ring_buffer.c.obj)
                0x00000000080465e2                ring_buf_get_claim
 .text.ring_buf_get_finish
                0x0000000008046620       0x2a zephyr/libzephyr.a(ring_buffer.c.obj)
                0x0000000008046620                ring_buf_get_finish
 .text.ring_buf_get
                0x000000000804664a       0x40 zephyr/libzephyr.a(ring_buffer.c.obj)
                0x000000000804664a                ring_buf_get
 .text._ConfigAbsSyms
                0x000000000804668a        0x2 zephyr/libzephyr.a(configs.c.obj)
                0x000000000804668a                _ConfigAbsSyms
 .text.HAL_Delay
                0x000000000804668c       0x16 zephyr/libzephyr.a(stm32cube_hal.c.obj)
                0x000000000804668c                HAL_Delay
 .text.st_stm32_common_config
                0x00000000080466a2        0xa zephyr/libzephyr.a(soc_config.c.obj)
 .text.get_ep_bm_from_addr
                0x00000000080466ac       0x1e zephyr/libzephyr.a(usb_device.c.obj)
 .text.usb_write
                0x00000000080466ca       0x30 zephyr/libzephyr.a(usb_device.c.obj)
                0x00000000080466ca                usb_write
 .text.usb_device_init
                0x00000000080466fa        0x6 zephyr/libzephyr.a(usb_device.c.obj)
 .text.usb_get_dev_data_by_cfg
                0x0000000008046700       0x16 zephyr/libzephyr.a(usb_descriptor.c.obj)
                0x0000000008046700                usb_get_dev_data_by_cfg
 .text.usb_get_dev_data_by_iface
                0x0000000008046716       0x1a zephyr/libzephyr.a(usb_descriptor.c.obj)
                0x0000000008046716                usb_get_dev_data_by_iface
 .text.usb_get_dev_data_by_ep
                0x0000000008046730       0x2c zephyr/libzephyr.a(usb_descriptor.c.obj)
                0x0000000008046730                usb_get_dev_data_by_ep
 .text.usb_transfer_is_busy
                0x000000000804675c       0x16 zephyr/libzephyr.a(usb_transfer.c.obj)
                0x000000000804675c                usb_transfer_is_busy
 .text.cdc_interface_config
                0x0000000008046772       0x14 zephyr/libzephyr.a(cdc_acm.c.obj)
 .text.cdc_acm_irq_callback_work_handler
                0x0000000008046786        0xa zephyr/libzephyr.a(cdc_acm.c.obj)
 .text.cdc_acm_irq_tx_disable
                0x0000000008046790        0xa zephyr/libzephyr.a(cdc_acm.c.obj)
 .text.cdc_acm_irq_tx_ready
                0x000000000804679a        0xe zephyr/libzephyr.a(cdc_acm.c.obj)
 .text.cdc_acm_irq_rx_disable
                0x00000000080467a8        0xa zephyr/libzephyr.a(cdc_acm.c.obj)
 .text.cdc_acm_irq_rx_ready
                0x00000000080467b2        0x8 zephyr/libzephyr.a(cdc_acm.c.obj)
 .text.cdc_acm_irq_is_pending
                0x00000000080467ba       0x1e zephyr/libzephyr.a(cdc_acm.c.obj)
 .text.cdc_acm_irq_update
                0x00000000080467d8        0x4 zephyr/libzephyr.a(cdc_acm.c.obj)
 .text.cdc_acm_irq_callback_set
                0x00000000080467dc        0x8 zephyr/libzephyr.a(cdc_acm.c.obj)
 .text.cdc_acm_line_ctrl_get
                0x00000000080467e4       0x32 zephyr/libzephyr.a(cdc_acm.c.obj)
 .text.cdc_acm_configure
                0x0000000008046816       0x18 zephyr/libzephyr.a(cdc_acm.c.obj)
 .text.cdc_acm_config_get
                0x000000000804682e       0x5c zephyr/libzephyr.a(cdc_acm.c.obj)
 .text.cdc_acm_line_ctrl_set
                0x000000000804688a       0xbe zephyr/libzephyr.a(cdc_acm.c.obj)
 .text.cdc_acm_fifo_read
                0x0000000008046948       0x56 zephyr/libzephyr.a(cdc_acm.c.obj)
 .text.cdc_acm_poll_in
                0x000000000804699e       0x12 zephyr/libzephyr.a(cdc_acm.c.obj)
 .text.z_arm_fatal_error
                0x00000000080469b0        0xc zephyr/arch/arch/arm/core/libarch__arm__core.a(fatal.c.obj)
                0x00000000080469b0                z_arm_fatal_error
 .text.z_do_kernel_oops
                0x00000000080469bc        0x8 zephyr/arch/arch/arm/core/libarch__arm__core.a(fatal.c.obj)
                0x00000000080469bc                z_do_kernel_oops
 .text.z_irq_spurious
                0x00000000080469c4        0x8 zephyr/arch/arch/arm/core/cortex_m/libarch__arm__core__cortex_m.a(irq_manage.c.obj)
                0x00000000080469c4                z_irq_spurious
 .text.arch_irq_unlock_outlined
                0x00000000080469cc        0xe zephyr/arch/arch/arm/core/cortex_m/libarch__arm__core__cortex_m.a(thread.c.obj)
                0x00000000080469cc                arch_irq_unlock_outlined
 .text.arch_cpu_idle
                0x00000000080469da       0x1a zephyr/arch/arch/arm/core/cortex_m/libarch__arm__core__cortex_m.a(cpu_idle.c.obj)
                0x00000000080469da                arch_cpu_idle
 .text.size_to_mpu_rasr_size
                0x00000000080469f4       0x20 zephyr/arch/arch/arm/core/mpu/libarch__arm__core__mpu.a(arm_mpu.c.obj)
 .text.picolibc_put
                0x0000000008046a14        0xa zephyr/lib/libc/picolibc/liblib__libc__picolibc.a(libc-hooks.c.obj)
 .text.stm32_gpio_intc_get_pin_irq_line
                0x0000000008046a1e        0x6 zephyr/drivers/interrupt_controller/libdrivers__interrupt_controller.a(intc_exti_stm32.c.obj)
                0x0000000008046a1e                stm32_gpio_intc_get_pin_irq_line
 .text.stm32_gpio_intc_disable_line
                0x0000000008046a24       0x12 zephyr/drivers/interrupt_controller/libdrivers__interrupt_controller.a(intc_exti_stm32.c.obj)
                0x0000000008046a24                stm32_gpio_intc_disable_line
 .text.usb_dc_ep_set_callback
                0x0000000008046a36       0x16 zephyr/drivers/usb/device/libdrivers__usb__device.a(usb_dc_stm32.c.obj)
                0x0000000008046a36                usb_dc_ep_set_callback
 .text.usb_dc_ep_check_cap
                0x0000000008046a4c       0x1e zephyr/drivers/usb/device/libdrivers__usb__device.a(usb_dc_stm32.c.obj)
                0x0000000008046a4c                usb_dc_ep_check_cap
 .text.usb_dc_ep_configure
                0x0000000008046a6a       0x2a zephyr/drivers/usb/device/libdrivers__usb__device.a(usb_dc_stm32.c.obj)
                0x0000000008046a6a                usb_dc_ep_configure
 .text.usb_dc_ep_is_stalled
                0x0000000008046a94       0x1a zephyr/drivers/usb/device/libdrivers__usb__device.a(usb_dc_stm32.c.obj)
                0x0000000008046a94                usb_dc_ep_is_stalled
 .text.usb_dc_ep_read
                0x0000000008046aae       0x1c zephyr/drivers/usb/device/libdrivers__usb__device.a(usb_dc_stm32.c.obj)
                0x0000000008046aae                usb_dc_ep_read
 .text.usb_dc_ep_mps
                0x0000000008046aca       0x12 zephyr/drivers/usb/device/libdrivers__usb__device.a(usb_dc_stm32.c.obj)
                0x0000000008046aca                usb_dc_ep_mps
 .text.HAL_PCD_DataOutStageCallback
                0x0000000008046adc       0x2c zephyr/drivers/usb/device/libdrivers__usb__device.a(usb_dc_stm32.c.obj)
                0x0000000008046adc                HAL_PCD_DataOutStageCallback
 .text.HAL_PCD_DataInStageCallback
                0x0000000008046b08       0x24 zephyr/drivers/usb/device/libdrivers__usb__device.a(usb_dc_stm32.c.obj)
                0x0000000008046b08                HAL_PCD_DataInStageCallback
 .text.gpio_stm32_port_get_raw
                0x0000000008046b2c        0xc zephyr/drivers/gpio/libdrivers__gpio.a(gpio_stm32.c.obj)
 .text.gpio_stm32_port_set_bits_raw
                0x0000000008046b38        0xa zephyr/drivers/gpio/libdrivers__gpio.a(gpio_stm32.c.obj)
 .text.gpio_stm32_port_clear_bits_raw
                0x0000000008046b42        0xc zephyr/drivers/gpio/libdrivers__gpio.a(gpio_stm32.c.obj)
 .text.gpio_stm32_manage_callback
                0x0000000008046b4e       0x52 zephyr/drivers/gpio/libdrivers__gpio.a(gpio_stm32.c.obj)
 .text.gpio_stm32_config
                0x0000000008046ba0       0x78 zephyr/drivers/gpio/libdrivers__gpio.a(gpio_stm32.c.obj)
 .text.gpio_stm32_isr
                0x0000000008046c18       0x2c zephyr/drivers/gpio/libdrivers__gpio.a(gpio_stm32.c.obj)
 .text.gpio_stm32_configure
                0x0000000008046c44       0x30 zephyr/drivers/gpio/libdrivers__gpio.a(gpio_stm32.c.obj)
                0x0000000008046c44                gpio_stm32_configure
 .text.pinctrl_lookup_state
                0x0000000008046c74       0x26 zephyr/drivers/pinctrl/libdrivers__pinctrl.a(common.c.obj)
                0x0000000008046c74                pinctrl_lookup_state
 .text.regulator_delay
                0x0000000008046c9a       0x22 zephyr/drivers/regulator/libdrivers__regulator.a(regulator_common.c.obj)
 .text.regulator_common_data_init
                0x0000000008046cbc       0x10 zephyr/drivers/regulator/libdrivers__regulator.a(regulator_common.c.obj)
                0x0000000008046cbc                regulator_common_data_init
 .text.regulator_disable
                0x0000000008046ccc       0x54 zephyr/drivers/regulator/libdrivers__regulator.a(regulator_common.c.obj)
                0x0000000008046ccc                regulator_disable
 .text.regulator_set_voltage
                0x0000000008046d20       0x28 zephyr/drivers/regulator/libdrivers__regulator.a(regulator_common.c.obj)
                0x0000000008046d20                regulator_set_voltage
 .text.regulator_set_current_limit
                0x0000000008046d48       0x28 zephyr/drivers/regulator/libdrivers__regulator.a(regulator_common.c.obj)
                0x0000000008046d48                regulator_set_current_limit
 .text.regulator_set_mode
                0x0000000008046d70       0x3e zephyr/drivers/regulator/libdrivers__regulator.a(regulator_common.c.obj)
                0x0000000008046d70                regulator_set_mode
 .text.regulator_common_init
                0x0000000008046dae       0xf4 zephyr/drivers/regulator/libdrivers__regulator.a(regulator_common.c.obj)
                0x0000000008046dae                regulator_common_init
 .text.gpio_pin_set
                0x0000000008046ea2       0x20 zephyr/drivers/regulator/libdrivers__regulator.a(regulator_fixed.c.obj)
 .text.regulator_fixed_enable
                0x0000000008046ec2       0x1e zephyr/drivers/regulator/libdrivers__regulator.a(regulator_fixed.c.obj)
 .text.regulator_fixed_count_voltages
                0x0000000008046ee0        0xe zephyr/drivers/regulator/libdrivers__regulator.a(regulator_fixed.c.obj)
 .text.regulator_fixed_list_voltage
                0x0000000008046eee       0x1a zephyr/drivers/regulator/libdrivers__regulator.a(regulator_fixed.c.obj)
 .text.regulator_fixed_init
                0x0000000008046f08       0x54 zephyr/drivers/regulator/libdrivers__regulator.a(regulator_fixed.c.obj)
 .text.regulator_fixed_disable
                0x0000000008046f5c       0x16 zephyr/drivers/regulator/libdrivers__regulator.a(regulator_fixed.c.obj)
 .text.reset_stm32_status
                0x0000000008046f72       0x22 zephyr/drivers/reset/libdrivers__reset.a(reset_stm32.c.obj)
 .text.reset_stm32_line_assert
                0x0000000008046f94       0x1c zephyr/drivers/reset/libdrivers__reset.a(reset_stm32.c.obj)
 .text.reset_stm32_line_deassert
                0x0000000008046fb0       0x1e zephyr/drivers/reset/libdrivers__reset.a(reset_stm32.c.obj)
 .text.reset_stm32_line_toggle
                0x0000000008046fce       0x16 zephyr/drivers/reset/libdrivers__reset.a(reset_stm32.c.obj)
 .text.uart_stm32_ll2cfg_databits
                0x0000000008046fe4       0x2a zephyr/drivers/serial/libdrivers__serial.a(uart_stm32.c.obj)
 .text.uart_stm32_err_check
                0x000000000804700e       0x5a zephyr/drivers/serial/libdrivers__serial.a(uart_stm32.c.obj)
 .text.uart_stm32_irq_tx_enable
                0x0000000008047068       0x16 zephyr/drivers/serial/libdrivers__serial.a(uart_stm32.c.obj)
 .text.uart_stm32_irq_tx_disable
                0x000000000804707e       0x16 zephyr/drivers/serial/libdrivers__serial.a(uart_stm32.c.obj)
 .text.uart_stm32_irq_rx_enable
                0x0000000008047094       0x16 zephyr/drivers/serial/libdrivers__serial.a(uart_stm32.c.obj)
 .text.uart_stm32_irq_rx_disable
                0x00000000080470aa       0x16 zephyr/drivers/serial/libdrivers__serial.a(uart_stm32.c.obj)
 .text.uart_stm32_irq_rx_ready
                0x00000000080470c0        0xc zephyr/drivers/serial/libdrivers__serial.a(uart_stm32.c.obj)
 .text.uart_stm32_irq_update
                0x00000000080470cc        0x4 zephyr/drivers/serial/libdrivers__serial.a(uart_stm32.c.obj)
 .text.uart_stm32_irq_callback_set
                0x00000000080470d0        0x8 zephyr/drivers/serial/libdrivers__serial.a(uart_stm32.c.obj)
 .text.uart_stm32_isr
                0x00000000080470d8        0xc zephyr/drivers/serial/libdrivers__serial.a(uart_stm32.c.obj)
 .text.uart_stm32_irq_config_func_0
                0x00000000080470e4       0x16 zephyr/drivers/serial/libdrivers__serial.a(uart_stm32.c.obj)
 .text.uart_stm32_set_baudrate
                0x00000000080470fa       0x38 zephyr/drivers/serial/libdrivers__serial.a(uart_stm32.c.obj)
 .text.uart_stm32_irq_tx_complete
                0x0000000008047132        0xc zephyr/drivers/serial/libdrivers__serial.a(uart_stm32.c.obj)
 .text.uart_stm32_irq_tx_ready
                0x000000000804713e       0x14 zephyr/drivers/serial/libdrivers__serial.a(uart_stm32.c.obj)
 .text.uart_stm32_config_get
                0x0000000008047152       0x92 zephyr/drivers/serial/libdrivers__serial.a(uart_stm32.c.obj)
 .text.uart_stm32_fifo_fill
                0x00000000080471e4       0x5a zephyr/drivers/serial/libdrivers__serial.a(uart_stm32.c.obj)
 .text.uart_stm32_poll_out
                0x000000000804723e       0x36 zephyr/drivers/serial/libdrivers__serial.a(uart_stm32.c.obj)
 .text.uart_stm32_irq_is_pending
                0x0000000008047274       0x24 zephyr/drivers/serial/libdrivers__serial.a(uart_stm32.c.obj)
 .text.uart_stm32_fifo_read
                0x0000000008047298       0x44 zephyr/drivers/serial/libdrivers__serial.a(uart_stm32.c.obj)
 .text.uart_stm32_poll_in
                0x00000000080472dc       0x22 zephyr/drivers/serial/libdrivers__serial.a(uart_stm32.c.obj)
 .text.HAL_PCD_MspInit
                0x00000000080472fe        0x2 modules/hal_stm32/stm32cube/lib..__modules__hal__stm32__stm32cube.a(stm32h7xx_hal_pcd.c.obj)
                0x00000000080472fe                HAL_PCD_MspInit
 .text.HAL_PCD_Init
                0x0000000008047300       0xda modules/hal_stm32/stm32cube/lib..__modules__hal__stm32__stm32cube.a(stm32h7xx_hal_pcd.c.obj)
                0x0000000008047300                HAL_PCD_Init
 .text.HAL_PCD_Start
                0x00000000080473da       0x40 modules/hal_stm32/stm32cube/lib..__modules__hal__stm32__stm32cube.a(stm32h7xx_hal_pcd.c.obj)
                0x00000000080473da                HAL_PCD_Start
 .text.HAL_PCD_Stop
                0x000000000804741a       0x48 modules/hal_stm32/stm32cube/lib..__modules__hal__stm32__stm32cube.a(stm32h7xx_hal_pcd.c.obj)
                0x000000000804741a                HAL_PCD_Stop
 .text.HAL_PCD_SOFCallback
                0x0000000008047462        0x2 modules/hal_stm32/stm32cube/lib..__modules__hal__stm32__stm32cube.a(stm32h7xx_hal_pcd.c.obj)
                0x0000000008047462                HAL_PCD_SOFCallback
 .text.HAL_PCD_ISOOUTIncompleteCallback
                0x0000000008047464        0x2 modules/hal_stm32/stm32cube/lib..__modules__hal__stm32__stm32cube.a(stm32h7xx_hal_pcd.c.obj)
                0x0000000008047464                HAL_PCD_ISOOUTIncompleteCallback
 .text.HAL_PCD_ISOINIncompleteCallback
                0x0000000008047466        0x2 modules/hal_stm32/stm32cube/lib..__modules__hal__stm32__stm32cube.a(stm32h7xx_hal_pcd.c.obj)
                0x0000000008047466                HAL_PCD_ISOINIncompleteCallback
 .text.HAL_PCD_SetAddress
                0x0000000008047468       0x26 modules/hal_stm32/stm32cube/lib..__modules__hal__stm32__stm32cube.a(stm32h7xx_hal_pcd.c.obj)
                0x0000000008047468                HAL_PCD_SetAddress
 .text.HAL_PCD_EP_Open
                0x000000000804748e       0x6e modules/hal_stm32/stm32cube/lib..__modules__hal__stm32__stm32cube.a(stm32h7xx_hal_pcd.c.obj)
                0x000000000804748e                HAL_PCD_EP_Open
 .text.HAL_PCD_EP_Close
                0x00000000080474fc       0x5c modules/hal_stm32/stm32cube/lib..__modules__hal__stm32__stm32cube.a(stm32h7xx_hal_pcd.c.obj)
                0x00000000080474fc                HAL_PCD_EP_Close
 .text.HAL_PCD_EP_Receive
                0x0000000008047558       0x3c modules/hal_stm32/stm32cube/lib..__modules__hal__stm32__stm32cube.a(stm32h7xx_hal_pcd.c.obj)
                0x0000000008047558                HAL_PCD_EP_Receive
 .text.HAL_PCD_EP_GetRxCount
                0x0000000008047594       0x10 modules/hal_stm32/stm32cube/lib..__modules__hal__stm32__stm32cube.a(stm32h7xx_hal_pcd.c.obj)
                0x0000000008047594                HAL_PCD_EP_GetRxCount
 .text.HAL_PCD_EP_Transmit
                0x00000000080475a4       0x34 modules/hal_stm32/stm32cube/lib..__modules__hal__stm32__stm32cube.a(stm32h7xx_hal_pcd.c.obj)
                0x00000000080475a4                HAL_PCD_EP_Transmit
 .text.HAL_PCD_EP_SetStall
                0x00000000080475d8       0x6e modules/hal_stm32/stm32cube/lib..__modules__hal__stm32__stm32cube.a(stm32h7xx_hal_pcd.c.obj)
                0x00000000080475d8                HAL_PCD_EP_SetStall
 .text.HAL_PCD_EP_ClrStall
                0x0000000008047646       0x6a modules/hal_stm32/stm32cube/lib..__modules__hal__stm32__stm32cube.a(stm32h7xx_hal_pcd.c.obj)
                0x0000000008047646                HAL_PCD_EP_ClrStall
 .text.HAL_PCD_EP_Abort
                0x00000000080476b0       0x20 modules/hal_stm32/stm32cube/lib..__modules__hal__stm32__stm32cube.a(stm32h7xx_hal_pcd.c.obj)
                0x00000000080476b0                HAL_PCD_EP_Abort
 .text.HAL_PCDEx_SetTxFiFo
                0x00000000080476d0       0x3e modules/hal_stm32/stm32cube/lib..__modules__hal__stm32__stm32cube.a(stm32h7xx_hal_pcd_ex.c.obj)
                0x00000000080476d0                HAL_PCDEx_SetTxFiFo
 .text.HAL_PCDEx_SetRxFiFo
                0x000000000804770e        0x8 modules/hal_stm32/stm32cube/lib..__modules__hal__stm32__stm32cube.a(stm32h7xx_hal_pcd_ex.c.obj)
                0x000000000804770e                HAL_PCDEx_SetRxFiFo
 .text.HAL_PCDEx_ActivateLPM
                0x0000000008047716       0x26 modules/hal_stm32/stm32cube/lib..__modules__hal__stm32__stm32cube.a(stm32h7xx_hal_pcd_ex.c.obj)
                0x0000000008047716                HAL_PCDEx_ActivateLPM
 .text.HAL_PCDEx_LPM_Callback
                0x000000000804773c        0x2 modules/hal_stm32/stm32cube/lib..__modules__hal__stm32__stm32cube.a(stm32h7xx_hal_pcd_ex.c.obj)
                0x000000000804773c                HAL_PCDEx_LPM_Callback
 .text.USB_CoreReset
                0x000000000804773e       0x46 modules/hal_stm32/stm32cube/lib..__modules__hal__stm32__stm32cube.a(stm32h7xx_ll_usb.c.obj)
 .text.USB_CoreInit
                0x0000000008047784       0x9c modules/hal_stm32/stm32cube/lib..__modules__hal__stm32__stm32cube.a(stm32h7xx_ll_usb.c.obj)
                0x0000000008047784                USB_CoreInit
 .text.USB_EnableGlobalInt
                0x0000000008047820        0xc modules/hal_stm32/stm32cube/lib..__modules__hal__stm32__stm32cube.a(stm32h7xx_ll_usb.c.obj)
                0x0000000008047820                USB_EnableGlobalInt
 .text.USB_DisableGlobalInt
                0x000000000804782c        0xc modules/hal_stm32/stm32cube/lib..__modules__hal__stm32__stm32cube.a(stm32h7xx_ll_usb.c.obj)
                0x000000000804782c                USB_DisableGlobalInt
 .text.USB_SetCurrentMode
                0x0000000008047838       0x5c modules/hal_stm32/stm32cube/lib..__modules__hal__stm32__stm32cube.a(stm32h7xx_ll_usb.c.obj)
                0x0000000008047838                USB_SetCurrentMode
 .text.USB_FlushTxFifo
                0x0000000008047894       0x46 modules/hal_stm32/stm32cube/lib..__modules__hal__stm32__stm32cube.a(stm32h7xx_ll_usb.c.obj)
                0x0000000008047894                USB_FlushTxFifo
 .text.USB_FlushRxFifo
                0x00000000080478da       0x42 modules/hal_stm32/stm32cube/lib..__modules__hal__stm32__stm32cube.a(stm32h7xx_ll_usb.c.obj)
                0x00000000080478da                USB_FlushRxFifo
 .text.USB_SetDevSpeed
                0x000000000804791c        0xe modules/hal_stm32/stm32cube/lib..__modules__hal__stm32__stm32cube.a(stm32h7xx_ll_usb.c.obj)
                0x000000000804791c                USB_SetDevSpeed
 .text.USB_GetDevSpeed
                0x000000000804792a       0x16 modules/hal_stm32/stm32cube/lib..__modules__hal__stm32__stm32cube.a(stm32h7xx_ll_usb.c.obj)
                0x000000000804792a                USB_GetDevSpeed
 .text.USB_ActivateEndpoint
                0x0000000008047940       0x7e modules/hal_stm32/stm32cube/lib..__modules__hal__stm32__stm32cube.a(stm32h7xx_ll_usb.c.obj)
                0x0000000008047940                USB_ActivateEndpoint
 .text.USB_EPStopXfer
                0x00000000080479be       0x9c modules/hal_stm32/stm32cube/lib..__modules__hal__stm32__stm32cube.a(stm32h7xx_ll_usb.c.obj)
                0x00000000080479be                USB_EPStopXfer
 .text.USB_WritePacket
                0x0000000008047a5a       0x26 modules/hal_stm32/stm32cube/lib..__modules__hal__stm32__stm32cube.a(stm32h7xx_ll_usb.c.obj)
                0x0000000008047a5a                USB_WritePacket
 .text.USB_ReadPacket
                0x0000000008047a80       0x40 modules/hal_stm32/stm32cube/lib..__modules__hal__stm32__stm32cube.a(stm32h7xx_ll_usb.c.obj)
                0x0000000008047a80                USB_ReadPacket
 .text.USB_EPSetStall
                0x0000000008047ac0       0x56 modules/hal_stm32/stm32cube/lib..__modules__hal__stm32__stm32cube.a(stm32h7xx_ll_usb.c.obj)
                0x0000000008047ac0                USB_EPSetStall
 .text.USB_EPClearStall
                0x0000000008047b16       0x52 modules/hal_stm32/stm32cube/lib..__modules__hal__stm32__stm32cube.a(stm32h7xx_ll_usb.c.obj)
                0x0000000008047b16                USB_EPClearStall
 .text.USB_SetDevAddress
                0x0000000008047b68       0x20 modules/hal_stm32/stm32cube/lib..__modules__hal__stm32__stm32cube.a(stm32h7xx_ll_usb.c.obj)
                0x0000000008047b68                USB_SetDevAddress
 .text.USB_DevConnect
                0x0000000008047b88       0x1c modules/hal_stm32/stm32cube/lib..__modules__hal__stm32__stm32cube.a(stm32h7xx_ll_usb.c.obj)
                0x0000000008047b88                USB_DevConnect
 .text.USB_DevDisconnect
                0x0000000008047ba4       0x1c modules/hal_stm32/stm32cube/lib..__modules__hal__stm32__stm32cube.a(stm32h7xx_ll_usb.c.obj)
                0x0000000008047ba4                USB_DevDisconnect
 .text.USB_ReadInterrupts
                0x0000000008047bc0        0x8 modules/hal_stm32/stm32cube/lib..__modules__hal__stm32__stm32cube.a(stm32h7xx_ll_usb.c.obj)
                0x0000000008047bc0                USB_ReadInterrupts
 .text.USB_ReadDevAllOutEpInterrupt
                0x0000000008047bc8       0x10 modules/hal_stm32/stm32cube/lib..__modules__hal__stm32__stm32cube.a(stm32h7xx_ll_usb.c.obj)
                0x0000000008047bc8                USB_ReadDevAllOutEpInterrupt
 .text.USB_ReadDevAllInEpInterrupt
                0x0000000008047bd8       0x10 modules/hal_stm32/stm32cube/lib..__modules__hal__stm32__stm32cube.a(stm32h7xx_ll_usb.c.obj)
                0x0000000008047bd8                USB_ReadDevAllInEpInterrupt
 .text.USB_ReadDevOutEPInterrupt
                0x0000000008047be8       0x12 modules/hal_stm32/stm32cube/lib..__modules__hal__stm32__stm32cube.a(stm32h7xx_ll_usb.c.obj)
                0x0000000008047be8                USB_ReadDevOutEPInterrupt
 .text.USB_ReadDevInEPInterrupt
                0x0000000008047bfa       0x22 modules/hal_stm32/stm32cube/lib..__modules__hal__stm32__stm32cube.a(stm32h7xx_ll_usb.c.obj)
                0x0000000008047bfa                USB_ReadDevInEPInterrupt
 .text.USB_GetMode
                0x0000000008047c1c        0x8 modules/hal_stm32/stm32cube/lib..__modules__hal__stm32__stm32cube.a(stm32h7xx_ll_usb.c.obj)
                0x0000000008047c1c                USB_GetMode
 .text.USB_ActivateSetup
                0x0000000008047c24       0x20 modules/hal_stm32/stm32cube/lib..__modules__hal__stm32__stm32cube.a(stm32h7xx_ll_usb.c.obj)
                0x0000000008047c24                USB_ActivateSetup
 .text.z_impl_k_busy_wait
                0x0000000008047c44       0x1e zephyr/kernel/libkernel.a(busy_wait.c.obj)
                0x0000000008047c44                z_impl_k_busy_wait
 .text.z_device_state_init
                0x0000000008047c62        0x2 zephyr/kernel/libkernel.a(device.c.obj)
                0x0000000008047c62                z_device_state_init
 .text.z_impl_device_is_ready
                0x0000000008047c64       0x16 zephyr/kernel/libkernel.a(device.c.obj)
                0x0000000008047c64                z_impl_device_is_ready
 .text.arch_system_halt
                0x0000000008047c7a       0x10 zephyr/kernel/libkernel.a(fatal.c.obj)
                0x0000000008047c7a                arch_system_halt
 .text.k_sys_fatal_error_handler
                0x0000000008047c8a        0x6 zephyr/kernel/libkernel.a(fatal.c.obj)
                0x0000000008047c8a                k_sys_fatal_error_handler
 .text.do_device_init
                0x0000000008047c90       0x30 zephyr/kernel/libkernel.a(init.c.obj)
 .text.z_early_memset
                0x0000000008047cc0        0x4 zephyr/kernel/libkernel.a(init.c.obj)
                0x0000000008047cc0                z_early_memset
 .text.z_early_memcpy
                0x0000000008047cc4        0x4 zephyr/kernel/libkernel.a(init.c.obj)
                0x0000000008047cc4                z_early_memcpy
 .text.z_init_static
                0x0000000008047cc8        0x2 zephyr/kernel/libkernel.a(init_static.c.obj)
                0x0000000008047cc8                z_init_static
 .text.idle     0x0000000008047cca       0x16 zephyr/kernel/libkernel.a(idle.c.obj)
                0x0000000008047cca                idle
 .text.adjust_owner_prio.isra.0
                0x0000000008047ce0       0x10 zephyr/kernel/libkernel.a(mutex.c.obj)
 .text.z_impl_k_mutex_init
                0x0000000008047cf0        0xe zephyr/kernel/libkernel.a(mutex.c.obj)
                0x0000000008047cf0                z_impl_k_mutex_init
 .text.z_impl_k_sem_init
                0x0000000008047cfe       0x18 zephyr/kernel/libkernel.a(sem.c.obj)
                0x0000000008047cfe                z_impl_k_sem_init
 .text.flag_test_and_clear
                0x0000000008047d16       0x16 zephyr/kernel/libkernel.a(work.c.obj)
 .text.notify_queue_locked.isra.0
                0x0000000008047d2c        0xe zephyr/kernel/libkernel.a(work.c.obj)
 .text.work_timeout
                0x0000000008047d3a       0x3c zephyr/kernel/libkernel.a(work.c.obj)
 .text.k_work_init
                0x0000000008047d76       0x12 zephyr/kernel/libkernel.a(work.c.obj)
                0x0000000008047d76                k_work_init
 .text.z_work_submit_to_queue
                0x0000000008047d88       0x26 zephyr/kernel/libkernel.a(work.c.obj)
                0x0000000008047d88                z_work_submit_to_queue
 .text.k_work_submit_to_queue
                0x0000000008047dae       0x20 zephyr/kernel/libkernel.a(work.c.obj)
                0x0000000008047dae                k_work_submit_to_queue
 .text.k_work_init_delayable
                0x0000000008047dce       0x18 zephyr/kernel/libkernel.a(work.c.obj)
                0x0000000008047dce                k_work_init_delayable
 .text.k_is_in_isr
                0x0000000008047de6        0xc zephyr/kernel/libkernel.a(thread.c.obj)
                0x0000000008047de6                k_is_in_isr
 .text.z_impl_k_thread_name_set
                0x0000000008047df2        0x6 zephyr/kernel/libkernel.a(thread.c.obj)
                0x0000000008047df2                z_impl_k_thread_name_set
 .text.z_impl_k_thread_start
                0x0000000008047df8        0x4 zephyr/kernel/libkernel.a(thread.c.obj)
                0x0000000008047df8                z_impl_k_thread_start
 .text.sys_dlist_remove
                0x0000000008047dfc       0x10 zephyr/kernel/libkernel.a(sched.c.obj)
 .text.unpend_thread_no_timeout
                0x0000000008047e0c       0x14 zephyr/kernel/libkernel.a(sched.c.obj)
 .text.add_to_waitq_locked
                0x0000000008047e20       0x50 zephyr/kernel/libkernel.a(sched.c.obj)
 .text.z_ready_thread
                0x0000000008047e70       0x1e zephyr/kernel/libkernel.a(sched.c.obj)
                0x0000000008047e70                z_ready_thread
 .text.z_impl_k_thread_suspend
                0x0000000008047e8e       0x32 zephyr/kernel/libkernel.a(sched.c.obj)
                0x0000000008047e8e                z_impl_k_thread_suspend
 .text.z_sched_wake_thread
                0x0000000008047ec0       0x42 zephyr/kernel/libkernel.a(sched.c.obj)
                0x0000000008047ec0                z_sched_wake_thread
 .text.z_thread_timeout
                0x0000000008047f02        0x8 zephyr/kernel/libkernel.a(sched.c.obj)
                0x0000000008047f02                z_thread_timeout
 .text.z_unpend_first_thread
                0x0000000008047f0a       0x36 zephyr/kernel/libkernel.a(sched.c.obj)
                0x0000000008047f0a                z_unpend_first_thread
 .text.z_impl_k_usleep
                0x0000000008047f40       0x20 zephyr/kernel/libkernel.a(sched.c.obj)
                0x0000000008047f40                z_impl_k_usleep
 .text.z_thread_abort
                0x0000000008047f60       0x44 zephyr/kernel/libkernel.a(sched.c.obj)
                0x0000000008047f60                z_thread_abort
 .text.z_sched_wake
                0x0000000008047fa4       0x44 zephyr/kernel/libkernel.a(sched.c.obj)
                0x0000000008047fa4                z_sched_wake
 .text.z_abort_timeout
                0x0000000008047fe8       0x2a zephyr/kernel/libkernel.a(timeout.c.obj)
                0x0000000008047fe8                z_abort_timeout
 .text.sys_clock_tick_get_32
                0x0000000008048012        0x8 zephyr/kernel/libkernel.a(timeout.c.obj)
                0x0000000008048012                sys_clock_tick_get_32
 .text.strnlen  0x000000000804801a       0x18 /home/deepspace/zephyr-sdk-0.16.8/arm-zephyr-eabi/bin/../lib/gcc/../../picolibc/arm-zephyr-eabi/lib/thumb/v7e-m/nofp/libc.a(libc_string_strnlen.c.o)
                0x000000000804801a                strnlen
 .text.__ultoa_invert
                0x0000000008048032       0xae /home/deepspace/zephyr-sdk-0.16.8/arm-zephyr-eabi/bin/../lib/gcc/../../picolibc/arm-zephyr-eabi/lib/thumb/v7e-m/nofp/libc.a(libc_tinystdio_vflprintf.c.o)
 .text.memcpy   0x00000000080480e0       0x1c /home/deepspace/zephyr-sdk-0.16.8/arm-zephyr-eabi/bin/../lib/gcc/../../picolibc/arm-zephyr-eabi/lib/thumb/v7e-m/nofp/libc.a(memcpy.c.o)
                0x00000000080480e0                memcpy
                0x00000000080480e0                __aeabi_memcpy
                0x00000000080480e0                __aeabi_memcpy4
                0x00000000080480e0                __aeabi_memcpy8
 .text.memset   0x00000000080480fc       0x10 /home/deepspace/zephyr-sdk-0.16.8/arm-zephyr-eabi/bin/../lib/gcc/../../picolibc/arm-zephyr-eabi/lib/thumb/v7e-m/nofp/libc.a(memset.c.o)
                0x00000000080480fc                memset
 *(SORT_BY_ALIGNMENT(.TEXT.*))
 .TEXT.__aeabi_read_tp
                0x000000000804810c        0xc zephyr/arch/arch/arm/core/cortex_m/libarch__arm__core__cortex_m.a(__aeabi_read_tp.S.obj)
                0x000000000804810c                __aeabi_read_tp
 *(SORT_BY_ALIGNMENT(.gnu.linkonce.t.*))
 *(SORT_BY_ALIGNMENT(.glue_7t))
 .glue_7t       0x0000000008048118        0x0 linker stubs
 *(SORT_BY_ALIGNMENT(.glue_7))
 .glue_7        0x0000000008048118        0x0 linker stubs
 *(SORT_BY_ALIGNMENT(.vfp11_veneer))
 .vfp11_veneer  0x0000000008048118        0x0 linker stubs
 *(SORT_BY_ALIGNMENT(.v4_bx))
 .v4_bx         0x0000000008048118        0x0 linker stubs
                0x0000000008048118                . = ALIGN (0x4)
                0x0000000008048118                __text_region_end = .

.ARM.exidx      0x0000000008048118        0x8
                0x0000000008048118                __exidx_start = .
 *(SORT_BY_ALIGNMENT(.ARM.exidx*) SORT_BY_ALIGNMENT(gnu.linkonce.armexidx.*))
 .ARM.exidx     0x0000000008048118        0x8 /home/deepspace/zephyr-sdk-0.16.8/arm-zephyr-eabi/bin/../lib/gcc/arm-zephyr-eabi/12.2.0/thumb/v7e-m/nofp/libgcc.a(_udivmoddi4.o)
 .ARM.exidx     0x0000000008048120        0x0 /home/deepspace/zephyr-sdk-0.16.8/arm-zephyr-eabi/bin/../lib/gcc/../../picolibc/arm-zephyr-eabi/lib/thumb/v7e-m/nofp/libc.a(strlen.S.o)
                                          0x8 (size before relaxing)
                0x0000000008048120                __exidx_end = .
                0x0000000008048120                __rodata_region_start = .

initlevel       0x0000000008048120       0xe0
                0x0000000008048120                __init_start = .
                0x0000000008048120                __init_EARLY_start = .
 *(SORT_BY_NAME(SORT_BY_ALIGNMENT(.z_init_EARLY?_*)))
 *(SORT_BY_NAME(SORT_BY_ALIGNMENT(.z_init_EARLY??_*)))
                0x0000000008048120                __init_PRE_KERNEL_1_start = .
 *(SORT_BY_NAME(SORT_BY_ALIGNMENT(.z_init_PRE_KERNEL_1?_*)))
 .z_init_PRE_KERNEL_10_0_
                0x0000000008048120        0x8 zephyr/libzephyr.a(soc_m7.c.obj)
 .z_init_PRE_KERNEL_11_00008_
                0x0000000008048128        0x8 zephyr/drivers/clock_control/libdrivers__clock_control.a(clock_stm32_ll_h7.c.obj)
 .z_init_PRE_KERNEL_11_0_
                0x0000000008048130        0x8 zephyr/libzephyr.a(soc_config.c.obj)
 *(SORT_BY_NAME(SORT_BY_ALIGNMENT(.z_init_PRE_KERNEL_1??_*)))
 .z_init_PRE_KERNEL_135_00065_
                0x0000000008048138        0x8 zephyr/drivers/reset/libdrivers__reset.a(reset_stm32.c.obj)
 .z_init_PRE_KERNEL_140_00012_
                0x0000000008048140        0x8 zephyr/drivers/gpio/libdrivers__gpio.a(gpio_stm32.c.obj)
 .z_init_PRE_KERNEL_140_00020_
                0x0000000008048148        0x8 zephyr/drivers/gpio/libdrivers__gpio.a(gpio_stm32.c.obj)
 .z_init_PRE_KERNEL_140_00050_
                0x0000000008048150        0x8 zephyr/drivers/gpio/libdrivers__gpio.a(gpio_stm32.c.obj)
 .z_init_PRE_KERNEL_140_00075_
                0x0000000008048158        0x8 zephyr/drivers/interrupt_controller/libdrivers__interrupt_controller.a(intc_exti_stm32.c.obj)
 .z_init_PRE_KERNEL_140_00174_
                0x0000000008048160        0x8 zephyr/drivers/gpio/libdrivers__gpio.a(gpio_stm32.c.obj)
 .z_init_PRE_KERNEL_140_00175_
                0x0000000008048168        0x8 zephyr/drivers/gpio/libdrivers__gpio.a(gpio_stm32.c.obj)
 .z_init_PRE_KERNEL_140_00176_
                0x0000000008048170        0x8 zephyr/drivers/gpio/libdrivers__gpio.a(gpio_stm32.c.obj)
 .z_init_PRE_KERNEL_140_00177_
                0x0000000008048178        0x8 zephyr/drivers/gpio/libdrivers__gpio.a(gpio_stm32.c.obj)
 .z_init_PRE_KERNEL_140_00178_
                0x0000000008048180        0x8 zephyr/drivers/gpio/libdrivers__gpio.a(gpio_stm32.c.obj)
 .z_init_PRE_KERNEL_140_00179_
                0x0000000008048188        0x8 zephyr/drivers/gpio/libdrivers__gpio.a(gpio_stm32.c.obj)
 .z_init_PRE_KERNEL_140_00180_
                0x0000000008048190        0x8 zephyr/drivers/gpio/libdrivers__gpio.a(gpio_stm32.c.obj)
 .z_init_PRE_KERNEL_140_00181_
                0x0000000008048198        0x8 zephyr/drivers/gpio/libdrivers__gpio.a(gpio_stm32.c.obj)
 .z_init_PRE_KERNEL_150_00093_
                0x00000000080481a0        0x8 zephyr/drivers/serial/libdrivers__serial.a(uart_stm32.c.obj)
 .z_init_PRE_KERNEL_150_00247_
                0x00000000080481a8        0x8 zephyr/libzephyr.a(cdc_acm.c.obj)
 .z_init_PRE_KERNEL_160_0_
                0x00000000080481b0        0x8 zephyr/drivers/console/libdrivers__console.a(uart_console.c.obj)
                0x00000000080481b8                __init_PRE_KERNEL_2_start = .
 *(SORT_BY_NAME(SORT_BY_ALIGNMENT(.z_init_PRE_KERNEL_2?_*)))
 .z_init_PRE_KERNEL_20_0_
                0x00000000080481b8        0x8 zephyr/drivers/timer/libdrivers__timer.a(cortex_m_systick.c.obj)
 *(SORT_BY_NAME(SORT_BY_ALIGNMENT(.z_init_PRE_KERNEL_2??_*)))
                0x00000000080481c0                __init_POST_KERNEL_start = .
 *(SORT_BY_NAME(SORT_BY_ALIGNMENT(.z_init_POST_KERNEL?_*)))
 *(SORT_BY_NAME(SORT_BY_ALIGNMENT(.z_init_POST_KERNEL??_*)))
 .z_init_POST_KERNEL35_0_
                0x00000000080481c0        0x8 zephyr/lib/libc/common/liblib__libc__common.a(malloc.c.obj)
 .z_init_POST_KERNEL40_0_
                0x00000000080481c8        0x8 zephyr/libzephyr.a(usb_work_q.c.obj)
 .z_init_POST_KERNEL40_0_
                0x00000000080481d0        0x8 zephyr/kernel/libkernel.a(system_work_q.c.obj)
 .z_init_POST_KERNEL50_0_
                0x00000000080481d8        0x8 zephyr/boards/arduino/portenta_h7/libboards__arduino__portenta_h7.a(board.c.obj)
 .z_init_POST_KERNEL75_00013_
                0x00000000080481e0        0x8 zephyr/drivers/regulator/libdrivers__regulator.a(regulator_fixed.c.obj)
 .z_init_POST_KERNEL75_00021_
                0x00000000080481e8        0x8 zephyr/drivers/regulator/libdrivers__regulator.a(regulator_fixed.c.obj)
 .z_init_POST_KERNEL90_0_
                0x00000000080481f0        0x8 zephyr/libzephyr.a(soc_m7.c.obj)
 .z_init_POST_KERNEL90_0_
                0x00000000080481f8        0x8 zephyr/libzephyr.a(usb_device.c.obj)
                0x0000000008048200                __init_APPLICATION_start = .
 *(SORT_BY_NAME(SORT_BY_ALIGNMENT(.z_init_APPLICATION?_*)))
 *(SORT_BY_NAME(SORT_BY_ALIGNMENT(.z_init_APPLICATION??_*)))
                0x0000000008048200                __init_SMP_start = .
 *(SORT_BY_NAME(SORT_BY_ALIGNMENT(.z_init_SMP?_*)))
 *(SORT_BY_NAME(SORT_BY_ALIGNMENT(.z_init_SMP??_*)))
                0x0000000008048200                __init_end = .
                0x0000000008048200                __deferred_init_list_start = .
 *(SORT_BY_ALIGNMENT(.z_deferred_init*))
                0x0000000008048200                __deferred_init_list_end = .

device_area     0x0000000008048200      0x168
                0x0000000008048200                _device_list_start = .
 *(SORT_BY_NAME(SORT_BY_ALIGNMENT(._device.static.*_?_*)))
 ._device.static.1_1_
                0x0000000008048200       0x14 zephyr/drivers/clock_control/libdrivers__clock_control.a(clock_stm32_ll_h7.c.obj)
                0x0000000008048200                __device_dts_ord_8
 *(SORT_BY_NAME(SORT_BY_ALIGNMENT(._device.static.*_??_*)))
 ._device.static.1_35_
                0x0000000008048214       0x14 zephyr/drivers/reset/libdrivers__reset.a(reset_stm32.c.obj)
                0x0000000008048214                __device_dts_ord_65
 ._device.static.1_40_
                0x0000000008048228       0x14 zephyr/drivers/interrupt_controller/libdrivers__interrupt_controller.a(intc_exti_stm32.c.obj)
                0x0000000008048228                __device_dts_ord_75
 ._device.static.1_40_
                0x000000000804823c       0xdc zephyr/drivers/gpio/libdrivers__gpio.a(gpio_stm32.c.obj)
                0x000000000804823c                __device_dts_ord_50
                0x0000000008048250                __device_dts_ord_12
                0x0000000008048264                __device_dts_ord_181
                0x0000000008048278                __device_dts_ord_20
                0x000000000804828c                __device_dts_ord_180
                0x00000000080482a0                __device_dts_ord_179
                0x00000000080482b4                __device_dts_ord_178
                0x00000000080482c8                __device_dts_ord_177
                0x00000000080482dc                __device_dts_ord_176
                0x00000000080482f0                __device_dts_ord_175
                0x0000000008048304                __device_dts_ord_174
 ._device.static.1_50_
                0x0000000008048318       0x14 zephyr/libzephyr.a(cdc_acm.c.obj)
                0x0000000008048318                __device_dts_ord_247
 ._device.static.1_50_
                0x000000000804832c       0x14 zephyr/drivers/serial/libdrivers__serial.a(uart_stm32.c.obj)
                0x000000000804832c                __device_dts_ord_93
 ._device.static.3_75_
                0x0000000008048340       0x28 zephyr/drivers/regulator/libdrivers__regulator.a(regulator_fixed.c.obj)
                0x0000000008048340                __device_dts_ord_13
                0x0000000008048354                __device_dts_ord_21
                0x0000000008048368                _device_list_end = .

sw_isr_table    0x0000000008048368      0x4b0
                0x0000000008048368                . = ALIGN (0x4)
 *(SORT_BY_ALIGNMENT(.gnu.linkonce.sw_isr_table*))
 .gnu.linkonce.sw_isr_table
                0x0000000008048368      0x4b0 zephyr/CMakeFiles/zephyr_final.dir/isr_tables.c.obj
                0x0000000008048368                _sw_isr_table

initlevel_error
                0x0000000008048120        0x0
 *(SORT_BY_NAME(SORT_BY_ALIGNMENT(.z_init_[_A-Z0-9]*)))
                0x0000000000000001                ASSERT ((SIZEOF (initlevel_error) == 0x0), Undefined initialization levels used.)

app_shmem_regions
                0x0000000008048818        0x0
                0x0000000008048818                __app_shmem_regions_start = .
 *(SORT_BY_NAME(SORT_BY_ALIGNMENT(.app_regions.*)))
                0x0000000008048818                __app_shmem_regions_end = .

k_p4wq_initparam_area
                0x0000000008048818        0x0
                0x0000000008048818                _k_p4wq_initparam_list_start = .
 *(SORT_BY_NAME(SORT_BY_ALIGNMENT(._k_p4wq_initparam.static.*)))
                0x0000000008048818                _k_p4wq_initparam_list_end = .

_static_thread_data_area
                0x0000000008048818        0x0
                0x0000000008048818                __static_thread_data_list_start = .
 *(SORT_BY_NAME(SORT_BY_ALIGNMENT(.__static_thread_data.static.*)))
                0x0000000008048818                __static_thread_data_list_end = .

device_deps     0x0000000008048818        0x0
                0x0000000008048818                __device_deps_start = .
 *(SORT_BY_NAME(SORT_BY_ALIGNMENT(.__device_deps_pass2*)))
                0x0000000008048818                __device_deps_end = .

ztest           0x0000000008048818        0x0
                0x0000000008048818                _ztest_expected_result_entry_list_start = .
 *(SORT_BY_NAME(SORT_BY_ALIGNMENT(._ztest_expected_result_entry.static.*)))
                0x0000000008048818                _ztest_expected_result_entry_list_end = .
                0x0000000008048818                _ztest_suite_node_list_start = .
 *(SORT_BY_NAME(SORT_BY_ALIGNMENT(._ztest_suite_node.static.*)))
                0x0000000008048818                _ztest_suite_node_list_end = .
                0x0000000008048818                _ztest_unit_test_list_start = .
 *(SORT_BY_NAME(SORT_BY_ALIGNMENT(._ztest_unit_test.static.*)))
                0x0000000008048818                _ztest_unit_test_list_end = .
                0x0000000008048818                _ztest_test_rule_list_start = .
 *(SORT_BY_NAME(SORT_BY_ALIGNMENT(._ztest_test_rule.static.*)))
                0x0000000008048818                _ztest_test_rule_list_end = .

init_array      0x0000000008048818        0x0
 *(SORT_BY_NAME(SORT_BY_ALIGNMENT(.ctors*)))
 *(SORT_BY_NAME(SORT_BY_ALIGNMENT(.init_array*)))
                0x0000000000000001                ASSERT ((SIZEOF (init_array) == 0x0), GNU-style constructors required but STATIC_INIT_GNU not enabled)

bt_l2cap_fixed_chan_area
                0x0000000008048818        0x0
                0x0000000008048818                _bt_l2cap_fixed_chan_list_start = .
 *(SORT_BY_NAME(SORT_BY_ALIGNMENT(._bt_l2cap_fixed_chan.static.*)))
                0x0000000008048818                _bt_l2cap_fixed_chan_list_end = .

bt_gatt_service_static_area
                0x0000000008048818        0x0
                0x0000000008048818                _bt_gatt_service_static_list_start = .
 *(SORT_BY_NAME(SORT_BY_ALIGNMENT(._bt_gatt_service_static.static.*)))
                0x0000000008048818                _bt_gatt_service_static_list_end = .

log_strings_area
                0x0000000008048818        0x0
                0x0000000008048818                _log_strings_list_start = .
 *(SORT_BY_NAME(SORT_BY_ALIGNMENT(._log_strings.static.*)))
                0x0000000008048818                _log_strings_list_end = .

log_const_area  0x0000000008048818        0x0
                0x0000000008048818                _log_const_list_start = .
 *(SORT_BY_NAME(SORT_BY_ALIGNMENT(._log_const.static.*)))
                0x0000000008048818                _log_const_list_end = .

log_backend_area
                0x0000000008048818        0x0
                0x0000000008048818                _log_backend_list_start = .
 *(SORT_BY_NAME(SORT_BY_ALIGNMENT(._log_backend.static.*)))
                0x0000000008048818                _log_backend_list_end = .

log_link_area   0x0000000008048818        0x0
                0x0000000008048818                _log_link_list_start = .
 *(SORT_BY_NAME(SORT_BY_ALIGNMENT(._log_link.static.*)))
                0x0000000008048818                _log_link_list_end = .

tracing_backend_area
                0x0000000008048818        0x0
                0x0000000008048818                _tracing_backend_list_start = .
 *(SORT_BY_NAME(SORT_BY_ALIGNMENT(._tracing_backend.static.*)))
                0x0000000008048818                _tracing_backend_list_end = .

zephyr_dbg_info
 *(SORT_BY_ALIGNMENT(.dbg_thread_info))

intc_table_area
                0x0000000008048818        0x0
                0x0000000008048818                _intc_table_list_start = .
 *(SORT_BY_NAME(SORT_BY_ALIGNMENT(._intc_table.static.*)))
                0x0000000008048818                _intc_table_list_end = .

symbol_to_keep  0x0000000008048818        0x0
                0x0000000008048818                __symbol_to_keep_start = .
 *(SORT_BY_NAME(SORT_BY_ALIGNMENT(.symbol_to_keep*)))
                0x0000000008048818                __symbol_to_keep_end = .

shell_area      0x0000000008048818        0x0
                0x0000000008048818                _shell_list_start = .
 *(SORT_BY_NAME(SORT_BY_ALIGNMENT(._shell.static.*)))
                0x0000000008048818                _shell_list_end = .

shell_root_cmds_area
                0x0000000008048818        0x0
                0x0000000008048818                _shell_root_cmds_list_start = .
 *(SORT_BY_NAME(SORT_BY_ALIGNMENT(._shell_root_cmds.static.*)))
                0x0000000008048818                _shell_root_cmds_list_end = .

shell_subcmds_area
                0x0000000008048818        0x0
                0x0000000008048818                _shell_subcmds_list_start = .
 *(SORT_BY_NAME(SORT_BY_ALIGNMENT(._shell_subcmds.static.*)))
                0x0000000008048818                _shell_subcmds_list_end = .

shell_dynamic_subcmds_area
                0x0000000008048818        0x0
                0x0000000008048818                _shell_dynamic_subcmds_list_start = .
 *(SORT_BY_NAME(SORT_BY_ALIGNMENT(._shell_dynamic_subcmds.static.*)))
                0x0000000008048818                _shell_dynamic_subcmds_list_end = .

cfb_font_area   0x0000000008048818        0x0
                0x0000000008048818                _cfb_font_list_start = .
 *(SORT_BY_NAME(SORT_BY_ALIGNMENT(._cfb_font.static.*)))
                0x0000000008048818                _cfb_font_list_end = .

tdata           0x0000000008048818        0x0
 *(SORT_BY_ALIGNMENT(.tdata) SORT_BY_ALIGNMENT(.tdata.*) SORT_BY_ALIGNMENT(.gnu.linkonce.td.*))

tbss            0x0000000008048818        0x4
 *(SORT_BY_ALIGNMENT(.tbss) SORT_BY_ALIGNMENT(.tbss.*) SORT_BY_ALIGNMENT(.gnu.linkonce.tb.*) SORT_BY_ALIGNMENT(.tcommon))
 .tbss.z_tls_current
                0x0000000008048818        0x4 zephyr/libzephyr.a(thread_entry.c.obj)
                0x0000000008048818                z_tls_current
                0x0000000008048818                PROVIDE (__tdata_start = LOADADDR (tdata))
                0x0000000000000001                PROVIDE (__tdata_align = ALIGNOF (tdata))
                0x0000000000000000                PROVIDE (__tdata_size = (((SIZEOF (tdata) + __tdata_align) - 0x1) & ~ ((__tdata_align - 0x1))))
                [!provide]                        PROVIDE (__tdata_end = (__tdata_start + __tdata_size))
                0x0000000000000004                PROVIDE (__tbss_align = ALIGNOF (tbss))
                [!provide]                        PROVIDE (__tbss_start = ADDR (tbss))
                0x0000000000000004                PROVIDE (__tbss_size = (((SIZEOF (tbss) + __tbss_align) - 0x1) & ~ ((__tbss_align - 0x1))))
                [!provide]                        PROVIDE (__tbss_end = (__tbss_start + __tbss_size))
                [!provide]                        PROVIDE (__tls_start = __tdata_start)
                [!provide]                        PROVIDE (__tls_end = __tbss_end)